Archive member included because of file (symbol)

/usr/share/crossworks_for_arm_2.3/lib/libm_v7m_t_le_eabi.a(libm_asm.o)
                              THUMB Debug/stm32l152d_eval_lcd.o (__aeabi_i2d)
/usr/share/crossworks_for_arm_2.3/lib/libc_v7m_t_le_eabi.a(libc2.o)
                              THUMB Debug/main.o (sprintf)
/usr/share/crossworks_for_arm_2.3/lib/libc_v7m_t_le_eabi.a(libc2_asm.o)
                              /usr/share/crossworks_for_arm_2.3/lib/libc_v7m_t_le_eabi.a(libc2.o) (memcpy)
/usr/share/crossworks_for_arm_2.3/lib/libc_v7m_t_le_eabi.a(__vfprintf_int.o)
                              (__vfprintf_int)
/usr/share/crossworks_for_arm_2.3/lib/libc_v7m_t_le_eabi.a(__vfscanf_int.o)
                              (__vfscanf_int)
/usr/share/crossworks_for_arm_2.3/lib/libc_v7m_t_le_eabi.a(libc_asm.o)
                              /usr/share/crossworks_for_arm_2.3/lib/libc_v7m_t_le_eabi.a(libc2.o) (__aeabi_uldivmod)
/usr/share/crossworks_for_arm_2.3/lib/libdebugio_v7m_t_le_eabi.a(libdebugio.o)
                              (__do_debug_operation_mempoll)
/usr/share/crossworks_for_arm_2.3/lib/libc_user_libc_v7m_t_le_eabi.a(user_libc.o)
                              /usr/share/crossworks_for_arm_2.3/lib/libc_v7m_t_le_eabi.a(libc2.o) (__errno)

Discarded input sections

 .text          0x00000000        0x0 THUMB Debug/main.o
 .data          0x00000000        0x0 THUMB Debug/main.o
 .bss           0x00000000        0x0 THUMB Debug/main.o
 .bss.DOWNStatus
                0x00000000        0x4 THUMB Debug/main.o
 .bss.UPStatus  0x00000000        0x4 THUMB Debug/main.o
 .bss.TIM_TimeBaseStructure
                0x00000000        0xc THUMB Debug/main.o
 .bss.NVIC_InitStructure
                0x00000000        0x4 THUMB Debug/main.o
 .text.TIM2_Config
                0x00000000       0xe4 THUMB Debug/main.o
 .text.Demo_IntExtOnOffConfig
                0x00000000       0xcc THUMB Debug/main.o
 .text.Demo_COMPConfig
                0x00000000       0xac THUMB Debug/main.o
 .text.Demo_Delay
                0x00000000       0x6c THUMB Debug/main.o
 .text.Demo_DelayJoyStick
                0x00000000       0x50 THUMB Debug/main.o
 .text.Delay    0x00000000       0x24 THUMB Debug/main.o
 .text.Demo_Get_LedShowStatus
                0x00000000       0x18 THUMB Debug/main.o
 .text.Set_DOWNStatus
                0x00000000       0x18 THUMB Debug/main.o
 .text.Set_UPStatus
                0x00000000       0x18 THUMB Debug/main.o
 .text          0x00000000        0x0 THUMB Debug/system_stm32l1xx.o
 .data          0x00000000        0x0 THUMB Debug/system_stm32l1xx.o
 .bss           0x00000000        0x0 THUMB Debug/system_stm32l1xx.o
 .data.PLLMulTable
                0x00000000        0xc THUMB Debug/system_stm32l1xx.o
 .data.AHBPrescTable
                0x00000000       0x10 THUMB Debug/system_stm32l1xx.o
 .text.SystemCoreClockUpdate
                0x00000000      0x1dc THUMB Debug/system_stm32l1xx.o
 .text          0x00000000        0x0 THUMB Debug/stm32l1xx_it.o
 .data          0x00000000        0x0 THUMB Debug/stm32l1xx_it.o
 .bss           0x00000000        0x0 THUMB Debug/stm32l1xx_it.o
 .bss.Index     0x00000000        0x1 THUMB Debug/stm32l1xx_it.o
 .bss.Counter1  0x00000000        0x1 THUMB Debug/stm32l1xx_it.o
 .bss.WaveCounter
                0x00000000        0x4 THUMB Debug/stm32l1xx_it.o
 .bss.AlarmStatus
                0x00000000        0x1 THUMB Debug/stm32l1xx_it.o
 .bss.LedCounter
                0x00000000        0x1 THUMB Debug/stm32l1xx_it.o
 .bss.dmaindex  0x00000000        0x4 THUMB Debug/stm32l1xx_it.o
 .bss.BackupIndex
                0x00000000        0x4 THUMB Debug/stm32l1xx_it.o
 .bss.SubSecFrac
                0x00000000        0x1 THUMB Debug/stm32l1xx_it.o
 .bss.RTC_StampTimeStruct
                0x00000000        0x4 THUMB Debug/stm32l1xx_it.o
 .bss.RTC_TimeStructure
                0x00000000        0x4 THUMB Debug/stm32l1xx_it.o
 .bss.Tab       0x00000000        0x4 THUMB Debug/stm32l1xx_it.o
 .bss.TabIndex  0x00000000        0x1 THUMB Debug/stm32l1xx_it.o
 .bss.RecordSample
                0x00000000        0x2 THUMB Debug/stm32l1xx_it.o
 .bss.WriteOnTheSDCardStatus
                0x00000000        0x1 THUMB Debug/stm32l1xx_it.o
 .bss.SampleNValue
                0x00000000        0x2 THUMB Debug/stm32l1xx_it.o
 .bss.DOWNBoutonPressed
                0x00000000        0x1 THUMB Debug/stm32l1xx_it.o
 .data.BKPDataReg
                0x00000000       0x28 THUMB Debug/stm32l1xx_it.o
 .bss.RTCAlarmCount
                0x00000000        0x4 THUMB Debug/stm32l1xx_it.o
 .data.SecondNumb
                0x00000000        0x4 THUMB Debug/stm32l1xx_it.o
 .bss.CurrentTimeSec
                0x00000000        0x4 THUMB Debug/stm32l1xx_it.o
 .bss.ProductPresStatus
                0x00000000        0x1 THUMB Debug/stm32l1xx_it.o
 .bss.ProductIndex
                0x00000000        0x1 THUMB Debug/stm32l1xx_it.o
 .bss.IndexSlides
[...]
Memory Configuration

Name             Origin             Length             Attributes
UNPLACED_SECTIONS 0xffffffff         0x00000000         xw
EEPROM           0x08080000         0x00003000         xr
FLASH            0x08000000         0x00060000         xr
RAM              0x20000000         0x0000c000         xw
USB_RAM          0x40006000         0x00000200         xw
PCCARD           0x90000000         0x00000000         xw
NAND2            0x80000000         0x00000000         xw
NAND1            0x70000000         0x00000000         xw
NOR_PSRAM4       0x6c000000         0x00000000         xw
NOR_PSRAM3       0x68000000         0x00000000         xw
NOR_PSRAM2       0x64000000         0x00000000         xw
NOR_PSRAM1       0x60000000         0x00000000         xw
CM3_System_Control_Space 0xe000e000         0x00001000         xw
*default*        0x00000000         0xffffffff

Linker script and memory map

                0x08005b58                __do_debug_operation = __do_debug_operation_mempoll
                0x0800503c                __vfprintf = __vfprintf_int
                0x08005790                __vfscanf = __vfscanf_int
                0x08080000                __EEPROM_segment_start__ = 0x8080000
                0x08083000                __EEPROM_segment_end__ = 0x8083000
                0x08000000                __FLASH_segment_start__ = 0x8000000
                0x08060000                __FLASH_segment_end__ = 0x8060000
                0x20000000                __RAM_segment_start__ = 0x20000000
                0x2000c000                __RAM_segment_end__ = 0x2000c000
                0x40006000                __USB_RAM_segment_start__ = 0x40006000
                0x40006200                __USB_RAM_segment_end__ = 0x40006200
                0x90000000                __PCCARD_segment_start__ = 0x90000000
                0x90000000                __PCCARD_segment_end__ = 0x90000000
                0x80000000                __NAND2_segment_start__ = 0x80000000
                0x80000000                __NAND2_segment_end__ = 0x80000000
                0x70000000                __NAND1_segment_start__ = 0x70000000
                0x70000000                __NAND1_segment_end__ = 0x70000000
                0x6c000000                __NOR_PSRAM4_segment_start__ = 0x6c000000
                0x6c000000                __NOR_PSRAM4_segment_end__ = 0x6c000000
                0x68000000                __NOR_PSRAM3_segment_start__ = 0x68000000
                0x68000000                __NOR_PSRAM3_segment_end__ = 0x68000000
                0x64000000                __NOR_PSRAM2_segment_start__ = 0x64000000
                0x64000000                __NOR_PSRAM2_segment_end__ = 0x64000000
                0x60000000                __NOR_PSRAM1_segment_start__ = 0x60000000
                0x60000000                __NOR_PSRAM1_segment_end__ = 0x60000000
                0xe000e000                __CM3_System_Control_Space_segment_start__ = 0xe000e000
                0xe000f000                __CM3_System_Control_Space_segment_end__ = 0xe000f000
                0x00002000                __STACKSIZE__ = 0x2000
                0x00000000                __STACKSIZE_PROCESS__ = 0x0
                0x00000000                __STACKSIZE_IRQ__ = 0x0
                0x00000000                __STACKSIZE_FIQ__ = 0x0
                0x00000000                __STACKSIZE_SVC__ = 0x0
                0x00000000                __STACKSIZE_ABT__ = 0x0
                0x00000000                __STACKSIZE_UND__ = 0x0
                0x00000400                __HEAPSIZE__ = 0x400
                0x08080000                __eeprom_load_start__ = ALIGN (__EEPROM_segment_start__, 0x4)

.eeprom         0x08080000        0x0
                0x08080000                __eeprom_start__ = .
 *(.eeprom .eeprom.*)
                0x08080000                __eeprom_end__ = (__eeprom_start__ + SIZEOF (.eeprom))
                0x08080000                __eeprom_load_end__ = __eeprom_end__
                0x08080000                __EEPROM_segment_used_end__ = (ALIGN (__EEPROM_segment_start__, 0x4) + SIZEOF (.eeprom))
                0x00000001                . = ASSERT (((__eeprom_end__ >= __EEPROM_segment_start__) && (__eeprom_end__ <= __EEPROM_segment_end__)), error: .eeprom is too large to fit in EEPROM memory segment)
                0x20000000                __vectors_ram_load_start__ = ALIGN (__RAM_segment_start__, 0x100)

.vectors_ram    0x20000000        0x0
                0x20000000                __vectors_ram_start__ = .
 *(.vectors_ram .vectors_ram.*)
                0x20000000                __vectors_ram_end__ = (__vectors_ram_start__ + SIZEOF (.vectors_ram))
                0x20000000                __vectors_ram_load_end__ = __vectors_ram_end__
                0x00000001                . = ASSERT (((__vectors_ram_end__ >= __RAM_segment_start__) && (__vectors_ram_end__ <= __RAM_segment_end__)), error: .vectors_ram is too large to fit in RAM memory segment)
                0x08000000                __vectors_load_start__ = ALIGN (__FLASH_segment_start__, 0x100)

.vectors        0x08000000      0x124
                0x08000000                __vectors_start__ = .
 *(.vectors .vectors.*)
 .vectors       0x08000000      0x124 THUMB Debug/STM32_Startup.o
                0x08000000                _vectors
                0x08000124                __vectors_end__ = (__vectors_start__ + SIZEOF (.vectors))
                0x08000124                __vectors_load_end__ = __vectors_end__
                0x00000001                . = ASSERT (((__vectors_end__ >= __FLASH_segment_start__) && (__vectors_end__ <= __FLASH_segment_end__)), error: .vectors is too large to fit in FLASH memory segment)
                0x08000124                __init_load_start__ = ALIGN (__vectors_end__, 0x4)

.init           0x08000124      0x1b4
                0x08000124                __init_start__ = .
 *(.init .init.*)
 .init          0x08000124      0x110 THUMB Debug/thumb_crt0.o
                0x08000124                _start
                0x080001a6                exit
                0x080001ca                __putchar
                0x080001ca                __getchar
 .init          0x08000234       0xa4 THUMB Debug/STM32_Startup.o
                0x08000246                WWDG_IRQHandler
                0x0800024c                RTC_WKUP_IRQHandler
                0x0800024e                FLASH_IRQHandler
                0x08000250                RCC_IRQHandler
                0x08000254                EXTI1_IRQHandler
                0x08000256                EXTI2_IRQHandler
                0x08000258                EXTI3_IRQHandler
                0x0800025a                EXTI4_IRQHandler
                0x0800025c                DMA1_Channel1_IRQHandler
                0x0800025e                DMA1_Channel2_IRQHandler
                0x08000260                DMA1_Channel3_IRQHandler
                0x08000262                DMA1_Channel4_IRQHandler
                0x08000266                DMA1_Channel6_IRQHandler
                0x08000268                DMA1_Channel7_IRQHandler
                0x0800026a                ADC1_IRQHandler
                0x0800026c                USB_HP_IRQHandler
                0x08000270                DAC_IRQHandler
                0x08000272                COMP_IRQHandler
                0x08000276                LCD_IRQHandler
                0x08000278                TIM9_IRQHandler
                0x0800027a                TIM10_IRQHandler
                0x0800027c                TIM11_IRQHandler
                0x08000284                I2C1_EV_IRQHandler
                0x08000288                I2C2_EV_IRQHandler
                0x0800028a                I2C2_ER_IRQHandler
                0x0800028c                SPI1_IRQHandler
                0x08000290                USART1_IRQHandler
                0x08000292                USART2_IRQHandler
                0x08000294                USART3_IRQHandler
                0x0800029a                USB_FS_WKUP_IRQHandler
                0x0800029c                TIM6_IRQHandler
                0x0800029e                TIM7_IRQHandler
                0x080002a2                TIM5_IRQHandler
                0x080002a4                SPI3_IRQHandler
                0x080002a6                UART4_IRQHandler
                0x080002a8                UART5_IRQHandler
                0x080002aa                DMA2_Channel1_IRQHandler
                0x080002ac                DMA2_Channel2_IRQHandler
                0x080002ae                DMA2_Channel3_IRQHandler
                0x080002b2                DMA2_Channel5_IRQHandler
                0x080002b4                AES_IRQHandler
                0x080002b6                COMP_ACQ_IRQHandler
                0x080002b8                reset_handler
                0x080002d8                __init_end__ = (__init_start__ + SIZEOF (.init))
                0x080002d8                __init_load_end__ = __init_end__
                0x00000001                . = ASSERT (((__init_end__ >= __FLASH_segment_start__) && (__init_end__ <= __FLASH_segment_end__)), error: .init is too large to fit in FLASH memory segment)
                0x080002d8                __text_load_start__ = ALIGN (__init_end__, 0x4)

.text           0x080002d8     0x58c4
                0x080002d8                __text_start__ = .
 *(.text .text.* .glue_7t .glue_7 .gnu.linkonce.t.* .gcc_except_table .ARM.extab* .gnu.linkonce.armextab.*)
 .glue_7        0x00000000        0x0 linker stubs
 .glue_7t       0x00000000        0x0 linker stubs
 .text.NVIC_SetPriority
                0x080002d8       0x5c THUMB Debug/main.o
 .text.SysTick_Config
                0x08000334       0x64 THUMB Debug/main.o
 .text.main     0x08000398      0x1fc THUMB Debug/main.o
                0x08000398                main
 .text.ADC_DMA_Config
                0x08000594      0x240 THUMB Debug/main.o
                0x08000594                ADC_DMA_Config
 .text.Demo_Init
                0x080007d4      0x154 THUMB Debug/main.o
                0x080007d4                Demo_Init
 .text.Demo_InterruptConfig
                0x08000928      0x21c THUMB Debug/main.o
                0x08000928                Demo_InterruptConfig
 .text.Demo_SysTickConfig
                0x08000b44       0x3c THUMB Debug/main.o
                0x08000b44                Demo_SysTickConfig
 .text.Demo_GPIOConfig
                0x08000b80       0x78 THUMB Debug/main.o
                0x08000b80                Demo_GPIOConfig
 .text.Demo_DecrementTimingDelay
                0x08000bf8       0x30 THUMB Debug/main.o
                0x08000bf8                Demo_DecrementTimingDelay
 .text.Demo_LedShowInit
                0x08000c28       0xb8 THUMB Debug/main.o
                0x08000c28                Demo_LedShowInit
 .text.Demo_LedShow
                0x08000ce0       0x70 THUMB Debug/main.o
                0x08000ce0                Demo_LedShow
 .text.Menu_CheckBitmapFiles
                0x08000d50       0x10 THUMB Debug/main.o
                0x08000d50                Menu_CheckBitmapFiles
 .text.Demo_CheckBitmapFilesStatus
                0x08000d60      0x144 THUMB Debug/main.o
                0x08000d60                Demo_CheckBitmapFilesStatus
 .text.Set_SELStatus
                0x08000ea4       0x18 THUMB Debug/main.o
                0x08000ea4                Set_SELStatus
 .text.LowPower_Init
                0x08000ebc       0x80 THUMB Debug/main.o
                0x08000ebc                LowPower_Init
 .text.SystemInit
                0x08000f3c       0xe4 THUMB Debug/system_stm32l1xx.o
                0x08000f3c                SystemInit
 .text.SetSysClock
                0x08001020      0x1e0 THUMB Debug/system_stm32l1xx.o
 .text.NVIC_SystemReset
                0x08001200       0x30 THUMB Debug/stm32l1xx_it.o
 .text.NMI_Handler
                0x08001230      0x3c8 THUMB Debug/stm32l1xx_it.o
                0x08001230                NMI_Handler
 .text.PVD_IRQHandler
                0x080015f8       0x10 THUMB Debug/stm32l1xx_it.o
                0x080015f8                PVD_IRQHandler
 .text.HardFault_Handler
                0x08001608        0x8 THUMB Debug/stm32l1xx_it.o
                0x08001608                HardFault_Handler
 .text.MemManage_Handler
                0x08001610        0x8 THUMB Debug/stm32l1xx_it.o
                0x08001610                MemManage_Handler
 .text.BusFault_Handler
                0x08001618        0x8 THUMB Debug/stm32l1xx_it.o
                0x08001618                BusFault_Handler
 .text.UsageFault_Handler
                0x08001620        0x8 THUMB Debug/stm32l1xx_it.o
                0x08001620                UsageFault_Handler
 .text.SVC_Handler
                0x08001628        0xc THUMB Debug/stm32l1xx_it.o
                0x08001628                SVC_Handler
 .text.DebugMon_Handler
                0x08001634        0xc THUMB Debug/stm32l1xx_it.o
                0x08001634                DebugMon_Handler
 .text.PendSV_Handler
                0x08001640        0xc THUMB Debug/stm32l1xx_it.o
                0x08001640                PendSV_Handler
 .text.SysTick_Handler
                0x0800164c        0xc THUMB Debug/stm32l1xx_it.o
                0x0800164c                SysTick_Handler
 .text.EXTI0_IRQHandler
                0x08001658        0xc THUMB Debug/stm32l1xx_it.o
                0x08001658                EXTI0_IRQHandler
 .text.EXTI9_5_IRQHandler
                0x08001664        0xc THUMB Debug/stm32l1xx_it.o
                0x08001664                EXTI9_5_IRQHandler
 .text.TIM2_IRQHandler
                0x08001670       0x14 THUMB Debug/stm32l1xx_it.o
                0x08001670                TIM2_IRQHandler
 .text.EXTI15_10_IRQHandler
                0x08001684       0x30 THUMB Debug/stm32l1xx_it.o
                0x08001684                EXTI15_10_IRQHandler
 .text.I2C1_ER_IRQHandler
                0x080016b4        0xc THUMB Debug/stm32l1xx_it.o
                0x080016b4                I2C1_ER_IRQHandler
 .text.TIM3_IRQHandler
                0x080016c0        0xc THUMB Debug/stm32l1xx_it.o
                0x080016c0                TIM3_IRQHandler
 .text.TIM4_IRQHandler
                0x080016cc        0xc THUMB Debug/stm32l1xx_it.o
                0x080016cc                TIM4_IRQHandler
 .text.USB_LP_IRQHandler
                0x080016d8        0xc THUMB Debug/stm32l1xx_it.o
                0x080016d8                USB_LP_IRQHandler
 .text.SDIO_IRQHandler
                0x080016e4        0xc THUMB Debug/stm32l1xx_it.o
                0x080016e4                SDIO_IRQHandler
 .text.DMA2_Channel4_IRQHandler
                0x080016f0        0xc THUMB Debug/stm32l1xx_it.o
                0x080016f0                DMA2_Channel4_IRQHandler
 .text.TAMPER_STAMP_IRQHandler
                0x080016fc        0xc THUMB Debug/stm32l1xx_it.o
                0x080016fc                TAMPER_STAMP_IRQHandler
 .text.RTC_Alarm_IRQHandler
                0x08001708        0xc THUMB Debug/stm32l1xx_it.o
                0x08001708                RTC_Alarm_IRQHandler
 .text.STM_EVAL_LEDOn
                0x08001714       0x34 THUMB Debug/stm32l152d_eval.o
                0x08001714                STM_EVAL_LEDOn
 .text.STM_EVAL_LEDOff
                0x08001748       0x34 THUMB Debug/stm32l152d_eval.o
                0x08001748                STM_EVAL_LEDOff
 .text.STM_EVAL_PBInit
                0x0800177c       0xfc THUMB Debug/stm32l152d_eval.o
                0x0800177c                STM_EVAL_PBInit
 .text.STM_EVAL_PBGetState
                0x08001878       0x3c THUMB Debug/stm32l152d_eval.o
                0x08001878                STM_EVAL_PBGetState
 .text.Audio_MAL_IRQHandler
                0x080018b4      0x118 THUMB Debug/stm32l152d_eval_audio_codec.o
 .text.DMA1_Channel5_IRQHandler
                0x080019cc        0xc THUMB Debug/stm32l152d_eval_audio_codec.o
                0x080019cc                DMA1_Channel5_IRQHandler
 .text.SPI2_IRQHandler
                0x080019d8        0xc THUMB Debug/stm32l152d_eval_audio_codec.o
                0x080019d8                SPI2_IRQHandler
 .text.STM32L152D_LCD_Init
                0x080019e4      0xbd4 THUMB Debug/stm32l152d_eval_lcd.o
                0x080019e4                STM32L152D_LCD_Init
 .text.LCD_SetTextColor
                0x080025b8       0x24 THUMB Debug/stm32l152d_eval_lcd.o
                0x080025b8                LCD_SetTextColor
 .text.LCD_SetBackColor
                0x080025dc       0x24 THUMB Debug/stm32l152d_eval_lcd.o
                0x080025dc                LCD_SetBackColor
 .text.LCD_SetFont
                0x08002600       0x20 THUMB Debug/stm32l152d_eval_lcd.o
                0x08002600                LCD_SetFont
 .text.LCD_GetFont
                0x08002620       0x18 THUMB Debug/stm32l152d_eval_lcd.o
                0x08002620                LCD_GetFont
 .text.LCD_ClearLine
                0x08002638       0xb0 THUMB Debug/stm32l152d_eval_lcd.o
                0x08002638                LCD_ClearLine
 .text.LCD_Clear
                0x080026e8       0x6c THUMB Debug/stm32l152d_eval_lcd.o
                0x080026e8                LCD_Clear
 .text.LCD_SetCursor
                0x08002754       0x7c THUMB Debug/stm32l152d_eval_lcd.o
                0x08002754                LCD_SetCursor
 .text.LCD_DrawChar
                0x080027d0      0x140 THUMB Debug/stm32l152d_eval_lcd.o
                0x080027d0                LCD_DrawChar
 .text.LCD_DisplayChar
                0x08002910       0x54 THUMB Debug/stm32l152d_eval_lcd.o
                0x08002910                LCD_DisplayChar
 .text.LCD_DisplayStringLine
                0x08002964       0xfc THUMB Debug/stm32l152d_eval_lcd.o
                0x08002964                LCD_DisplayStringLine
 .text.LCD_SetDisplayWindow
                0x08002a60      0x17c THUMB Debug/stm32l152d_eval_lcd.o
                0x08002a60                LCD_SetDisplayWindow
 .text.LCD_WindowModeDisable
                0x08002bdc       0x38 THUMB Debug/stm32l152d_eval_lcd.o
                0x08002bdc                LCD_WindowModeDisable
 .text.LCD_DrawLine
                0x08002c14       0xf0 THUMB Debug/stm32l152d_eval_lcd.o
                0x08002c14                LCD_DrawLine
 .text.LCD_DrawRect
                0x08002d04       0x80 THUMB Debug/stm32l152d_eval_lcd.o
                0x08002d04                LCD_DrawRect
 .text.LCD_WriteReg
                0x08002d84       0x2c THUMB Debug/stm32l152d_eval_lcd.o
                0x08002d84                LCD_WriteReg
 .text.LCD_ReadReg
                0x08002db0       0x28 THUMB Debug/stm32l152d_eval_lcd.o
                0x08002db0                LCD_ReadReg
 .text.LCD_WriteRAM_Prepare
                0x08002dd8       0x14 THUMB Debug/stm32l152d_eval_lcd.o
                0x08002dd8                LCD_WriteRAM_Prepare
 .text.LCD_WriteRAM
                0x08002dec       0x1c THUMB Debug/stm32l152d_eval_lcd.o
                0x08002dec                LCD_WriteRAM
 .text.LCD_CtrlLinesConfig
                0x08002e08      0x230 THUMB Debug/stm32l152d_eval_lcd.o
                0x08002e08                LCD_CtrlLinesConfig
 .text.LCD_FSMCConfig
                0x08003038       0xb0 THUMB Debug/stm32l152d_eval_lcd.o
                0x08003038                LCD_FSMCConfig
 .text.delay    0x080030e8       0x34 THUMB Debug/stm32l152d_eval_lcd.o
 .text.SD_ProcessIRQSrc
                0x0800311c      0x110 THUMB Debug/stm32l152d_eval_sdio_sd.o
                0x0800311c                SD_ProcessIRQSrc
 .text.SD_ProcessDMAIRQ
                0x0800322c       0x3c THUMB Debug/stm32l152d_eval_sdio_sd.o
                0x0800322c                SD_ProcessDMAIRQ
 .text.NVIC_PriorityGroupConfig
                0x08003268       0x28 THUMB Debug/misc.o
                0x08003268                NVIC_PriorityGroupConfig
 .text.NVIC_Init
                0x08003290       0xe4 THUMB Debug/misc.o
                0x08003290                NVIC_Init
 .text.NVIC_SetVectorTable
                0x08003374       0x2c THUMB Debug/misc.o
                0x08003374                NVIC_SetVectorTable
 .text.ADC_DeInit
                0x080033a0       0x38 THUMB Debug/stm32l1xx_adc.o
                0x080033a0                ADC_DeInit
 .text.ADC_Init
                0x080033d8       0xb8 THUMB Debug/stm32l1xx_adc.o
                0x080033d8                ADC_Init
 .text.ADC_Cmd  0x08003490       0x38 THUMB Debug/stm32l1xx_adc.o
                0x08003490                ADC_Cmd
 .text.ADC_RegularChannelConfig
                0x080034c8      0x314 THUMB Debug/stm32l1xx_adc.o
                0x080034c8                ADC_RegularChannelConfig
 .text.ADC_SoftwareStartConv
                0x080037dc       0x20 THUMB Debug/stm32l1xx_adc.o
                0x080037dc                ADC_SoftwareStartConv
 .text.ADC_DMACmd
                0x080037fc       0x38 THUMB Debug/stm32l1xx_adc.o
                0x080037fc                ADC_DMACmd
 .text.ADC_DMARequestAfterLastTransferCmd
                0x08003834       0x38 THUMB Debug/stm32l1xx_adc.o
                0x08003834                ADC_DMARequestAfterLastTransferCmd
 .text.ADC_GetFlagStatus
                0x0800386c       0x3c THUMB Debug/stm32l1xx_adc.o
                0x0800386c                ADC_GetFlagStatus
 .text.DMA_DeInit
                0x080038a8      0x220 THUMB Debug/stm32l1xx_dma.o
                0x080038a8                DMA_DeInit
 .text.DMA_Init
                0x08003ac8       0x80 THUMB Debug/stm32l1xx_dma.o
                0x08003ac8                DMA_Init
 .text.DMA_Cmd  0x08003b48       0x3c THUMB Debug/stm32l1xx_dma.o
                0x08003b48                DMA_Cmd
 .text.DMA_GetFlagStatus
                0x08003b84       0x60 THUMB Debug/stm32l1xx_dma.o
                0x08003b84                DMA_GetFlagStatus
 .text.DMA_ClearFlag
                0x08003be4       0x38 THUMB Debug/stm32l1xx_dma.o
                0x08003be4                DMA_ClearFlag
 .text.EXTI_Init
                0x08003c1c      0x144 THUMB Debug/stm32l1xx_exti.o
                0x08003c1c                EXTI_Init
 .text.EXTI_GetITStatus
                0x08003d60       0x5c THUMB Debug/stm32l1xx_exti.o
                0x08003d60                EXTI_GetITStatus
 .text.EXTI_ClearITPendingBit
                0x08003dbc       0x20 THUMB Debug/stm32l1xx_exti.o
                0x08003dbc                EXTI_ClearITPendingBit
 .text.DATA_EEPROM_Unlock
                0x08003ddc       0x44 THUMB Debug/stm32l1xx_flash.o
                0x08003ddc                DATA_EEPROM_Unlock
 .text.DATA_EEPROM_Lock
                0x08003e20       0x24 THUMB Debug/stm32l1xx_flash.o
                0x08003e20                DATA_EEPROM_Lock
 .text.DATA_EEPROM_ProgramHalfWord
                0x08003e44       0x44 THUMB Debug/stm32l1xx_flash.o
                0x08003e44                DATA_EEPROM_ProgramHalfWord
 .text.FLASH_OB_Unlock
                0x08003e88       0x40 THUMB Debug/stm32l1xx_flash.o
                0x08003e88                FLASH_OB_Unlock
 .text.FLASH_OB_Launch
                0x08003ec8       0x24 THUMB Debug/stm32l1xx_flash.o
                0x08003ec8                FLASH_OB_Launch
 .text.FLASH_OB_BORConfig
                0x08003eec       0x84 THUMB Debug/stm32l1xx_flash.o
                0x08003eec                FLASH_OB_BORConfig
 .text.FLASH_OB_GetBOR
                0x08003f70       0x20 THUMB Debug/stm32l1xx_flash.o
                0x08003f70                FLASH_OB_GetBOR
 .text.FLASH_ClearFlag
                0x08003f90       0x20 THUMB Debug/stm32l1xx_flash.o
                0x08003f90                FLASH_ClearFlag
 .text.FLASH_GetStatus
                0x08003fb0       0x70 THUMB Debug/stm32l1xx_flash.o
                0x08003fb0                FLASH_GetStatus
 .text.FLASH_WaitForLastOperation
                0x08004020       0x50 THUMB Debug/stm32l1xx_flash.o
                0x08004020                FLASH_WaitForLastOperation
 .text.FSMC_NORSRAMInit
                0x08004070      0x150 THUMB Debug/stm32l1xx_fsmc.o
                0x08004070                FSMC_NORSRAMInit
 .text.FSMC_NORSRAMCmd
                0x080041c0       0x50 THUMB Debug/stm32l1xx_fsmc.o
                0x080041c0                FSMC_NORSRAMCmd
 .text.GPIO_Init
                0x08004210      0x15c THUMB Debug/stm32l1xx_gpio.o
                0x08004210                GPIO_Init
 .text.GPIO_ReadInputDataBit
                0x0800436c       0x40 THUMB Debug/stm32l1xx_gpio.o
                0x0800436c                GPIO_ReadInputDataBit
 .text.GPIO_SetBits
                0x080043ac       0x1c THUMB Debug/stm32l1xx_gpio.o
                0x080043ac                GPIO_SetBits
 .text.GPIO_PinAFConfig
                0x080043c8       0xac THUMB Debug/stm32l1xx_gpio.o
                0x080043c8                GPIO_PinAFConfig
 .text.PWR_RTCAccessCmd
                0x08004474       0x20 THUMB Debug/stm32l1xx_pwr.o
                0x08004474                PWR_RTCAccessCmd
 .text.PWR_PVDLevelConfig
                0x08004494       0x40 THUMB Debug/stm32l1xx_pwr.o
                0x08004494                PWR_PVDLevelConfig
 .text.PWR_PVDCmd
                0x080044d4       0x20 THUMB Debug/stm32l1xx_pwr.o
                0x080044d4                PWR_PVDCmd
 .text.PWR_WakeUpPinCmd
                0x080044f4       0x30 THUMB Debug/stm32l1xx_pwr.o
                0x080044f4                PWR_WakeUpPinCmd
 .text.PWR_EnterSTANDBYMode
                0x08004524       0x54 THUMB Debug/stm32l1xx_pwr.o
                0x08004524                PWR_EnterSTANDBYMode
 .text.PWR_GetFlagStatus
                0x08004578       0x40 THUMB Debug/stm32l1xx_pwr.o
                0x08004578                PWR_GetFlagStatus
 .text.PWR_ClearFlag
                0x080045b8       0x30 THUMB Debug/stm32l1xx_pwr.o
                0x080045b8                PWR_ClearFlag
 .text.RCC_DeInit
                0x080045e8       0xa0 THUMB Debug/stm32l1xx_rcc.o
                0x080045e8                RCC_DeInit
 .text.RCC_HSEConfig
                0x08004688       0x30 THUMB Debug/stm32l1xx_rcc.o
                0x08004688                RCC_HSEConfig
 .text.RCC_MSIRangeConfig
                0x080046b8       0x40 THUMB Debug/stm32l1xx_rcc.o
                0x080046b8                RCC_MSIRangeConfig
 .text.RCC_HSICmd
                0x080046f8       0x20 THUMB Debug/stm32l1xx_rcc.o
                0x080046f8                RCC_HSICmd
 .text.RCC_LSEConfig
                0x08004718       0x30 THUMB Debug/stm32l1xx_rcc.o
                0x08004718                RCC_LSEConfig
 .text.RCC_ClockSecuritySystemCmd
                0x08004748       0x20 THUMB Debug/stm32l1xx_rcc.o
                0x08004748                RCC_ClockSecuritySystemCmd
 .text.RCC_RTCCLKConfig
                0x08004768       0x88 THUMB Debug/stm32l1xx_rcc.o
                0x08004768                RCC_RTCCLKConfig
 .text.RCC_AHBPeriphClockCmd
                0x080047f0       0x58 THUMB Debug/stm32l1xx_rcc.o
                0x080047f0                RCC_AHBPeriphClockCmd
 .text.RCC_APB2PeriphClockCmd
                0x08004848       0x58 THUMB Debug/stm32l1xx_rcc.o
                0x08004848                RCC_APB2PeriphClockCmd
 .text.RCC_APB1PeriphClockCmd
                0x080048a0       0x58 THUMB Debug/stm32l1xx_rcc.o
                0x080048a0                RCC_APB1PeriphClockCmd
 .text.RCC_APB2PeriphResetCmd
                0x080048f8       0x58 THUMB Debug/stm32l1xx_rcc.o
                0x080048f8                RCC_APB2PeriphResetCmd
 .text.RCC_GetFlagStatus
                0x08004950       0x7c THUMB Debug/stm32l1xx_rcc.o
                0x08004950                RCC_GetFlagStatus
 .text.RCC_GetITStatus
                0x080049cc       0x40 THUMB Debug/stm32l1xx_rcc.o
                0x080049cc                RCC_GetITStatus
 .text.RCC_ClearITPendingBit
                0x08004a0c       0x20 THUMB Debug/stm32l1xx_rcc.o
                0x08004a0c                RCC_ClearITPendingBit
 .text.RTC_OutputConfig
                0x08004a2c       0x74 THUMB Debug/stm32l1xx_rtc.o
                0x08004a2c                RTC_OutputConfig
 .text.SDIO_ITConfig
                0x08004aa0       0x58 THUMB Debug/stm32l1xx_sdio.o
                0x08004aa0                SDIO_ITConfig
 .text.SDIO_GetITStatus
                0x08004af8       0x40 THUMB Debug/stm32l1xx_sdio.o
                0x08004af8                SDIO_GetITStatus
 .text.SDIO_ClearITPendingBit
                0x08004b38       0x20 THUMB Debug/stm32l1xx_sdio.o
                0x08004b38                SDIO_ClearITPendingBit
 .text.SYSCFG_EXTILineConfig
                0x08004b58       0xb4 THUMB Debug/stm32l1xx_syscfg.o
                0x08004b58                SYSCFG_EXTILineConfig
 .text.TIM_TimeBaseInit
                0x08004c0c       0xb0 THUMB Debug/stm32l1xx_tim.o
                0x08004c0c                TIM_TimeBaseInit
 .text.TIM_TimeBaseStructInit
                0x08004cbc       0x34 THUMB Debug/stm32l1xx_tim.o
                0x08004cbc                TIM_TimeBaseStructInit
 .text.TIM_Cmd  0x08004cf0       0x40 THUMB Debug/stm32l1xx_tim.o
                0x08004cf0                TIM_Cmd
 .text.TIM_OC1Init
                0x08004d30       0x88 THUMB Debug/stm32l1xx_tim.o
                0x08004d30                TIM_OC1Init
 .text.TIM_OCStructInit
                0x08004db8       0x34 THUMB Debug/stm32l1xx_tim.o
                0x08004db8                TIM_OCStructInit
 .text.TIM_ITConfig
                0x08004dec       0x48 THUMB Debug/stm32l1xx_tim.o
                0x08004dec                TIM_ITConfig
 .text.TIM_ClearITPendingBit
                0x08004e34       0x24 THUMB Debug/stm32l1xx_tim.o
                0x08004e34                TIM_ClearITPendingBit
 .text.TIM_SelectOutputTrigger
                0x08004e58       0x38 THUMB Debug/stm32l1xx_tim.o
                0x08004e58                TIM_SelectOutputTrigger
 .text.libc.__getc
                0x08004e90       0x24 /usr/share/crossworks_for_arm_2.3/lib/libc_v7m_t_le_eabi.a(libc2.o)
                0x08004e90                __getc
 .text.libc.__putc
                0x08004eb4       0x38 /usr/share/crossworks_for_arm_2.3/lib/libc_v7m_t_le_eabi.a(libc2.o)
                0x08004eb4                __putc
 .text.libc.__print_padding
                0x08004eec       0x24 /usr/share/crossworks_for_arm_2.3/lib/libc_v7m_t_le_eabi.a(libc2.o)
                0x08004eec                __print_padding
 .text.libc.__pre_padding
                0x08004f10       0x1c /usr/share/crossworks_for_arm_2.3/lib/libc_v7m_t_le_eabi.a(libc2.o)
                0x08004f10                __pre_padding
 .text.libc.isupper
                0x08004f2c       0x10 /usr/share/crossworks_for_arm_2.3/lib/libc_v7m_t_le_eabi.a(libc2.o)
                0x08004f2c                isupper
 .text.libc.islower
                0x08004f3c       0x10 /usr/share/crossworks_for_arm_2.3/lib/libc_v7m_t_le_eabi.a(libc2.o)
                0x08004f3c                islower
 .text.libc.isdigit
                0x08004f4c       0x10 /usr/share/crossworks_for_arm_2.3/lib/libc_v7m_t_le_eabi.a(libc2.o)
                0x08004f4c                isdigit
 .text.libc.__digit
                0x08004f5c       0x3c /usr/share/crossworks_for_arm_2.3/lib/libc_v7m_t_le_eabi.a(libc2.o)
                0x08004f5c                __digit
 .text.libc.isspace
                0x08004f98       0x18 /usr/share/crossworks_for_arm_2.3/lib/libc_v7m_t_le_eabi.a(libc2.o)
                0x08004f98                isspace
 .text.libc.sprintf
                0x08004fb0       0x2c /usr/share/crossworks_for_arm_2.3/lib/libc_v7m_t_le_eabi.a(libc2.o)
                0x08004fb0                sprintf
 .text.libc.strlen
                0x08004fdc       0x60 /usr/share/crossworks_for_arm_2.3/lib/libc_v7m_t_le_eabi.a(libc2_asm.o)
                0x08004fdc                strlen
 .text.libc.__vfprintf_int
                0x0800503c      0x5e4 /usr/share/crossworks_for_arm_2.3/lib/libc_v7m_t_le_eabi.a(__vfprintf_int.o)
                0x0800503c                __vfprintf_int
 .text.libc.__ungetc
                0x08005620       0x20 /usr/share/crossworks_for_arm_2.3/lib/libc_v7m_t_le_eabi.a(__vfscanf_int.o)
 .text.libc.rd_int
                0x08005640      0x150 /usr/share/crossworks_for_arm_2.3/lib/libc_v7m_t_le_eabi.a(__vfscanf_int.o)
 .text.libc.__vfscanf_int
                0x08005790      0x3c8 /usr/share/crossworks_for_arm_2.3/lib/libc_v7m_t_le_eabi.a(__vfscanf_int.o)
                0x08005790                __vfscanf_int
 .text.libdebugio.__do_debug_operation_mempoll
                0x08005b58       0x3c /usr/share/crossworks_for_arm_2.3/lib/libdebugio_v7m_t_le_eabi.a(libdebugio.o)
                0x08005b58                __do_debug_operation_mempoll
 .text.libc.__debug_io_lock
                0x08005b94        0x4 /usr/share/crossworks_for_arm_2.3/lib/libc_user_libc_v7m_t_le_eabi.a(user_libc.o)
                0x08005b94                __debug_io_lock
 .text.libc.__debug_io_unlock
                0x08005b98        0x4 /usr/share/crossworks_for_arm_2.3/lib/libc_user_libc_v7m_t_le_eabi.a(user_libc.o)
                0x08005b98                __debug_io_unlock
                0x08005b9c                __text_end__ = (__text_start__ + SIZEOF (.text))
                0x08005b9c                __text_load_end__ = __text_end__

.vfp11_veneer   0x00000000        0x0
 .vfp11_veneer  0x00000000        0x0 linker stubs

.v4_bx          0x00000000        0x0
 .v4_bx         0x00000000        0x0 linker stubs
                0x00000001                . = ASSERT (((__text_end__ >= __FLASH_segment_start__) && (__text_end__ <= __FLASH_segment_end__)), error: .text is too large to fit in FLASH memory segment)
                0x08005b9c                __dtors_load_start__ = ALIGN (__text_end__, 0x4)

.dtors          0x08005b9c        0x0
                0x08005b9c                __dtors_start__ = .
 *(SORT(.dtors.*))
 *(.dtors)
 *(.fini_array .fini_array.*)
                0x08005b9c                __dtors_end__ = (__dtors_start__ + SIZEOF (.dtors))
                0x08005b9c                __dtors_load_end__ = __dtors_end__
                0x00000001                . = ASSERT (((__dtors_end__ >= __FLASH_segment_start__) && (__dtors_end__ <= __FLASH_segment_end__)), error: .dtors is too large to fit in FLASH memory segment)
                0x08005b9c                __ctors_load_start__ = ALIGN (__dtors_end__, 0x4)

.ctors          0x08005b9c        0x0
                0x08005b9c                __ctors_start__ = .
 *(SORT(.ctors.*))
 *(.ctors)
 *(.init_array .init_array.*)
                0x08005b9c                __ctors_end__ = (__ctors_start__ + SIZEOF (.ctors))
                0x08005b9c                __ctors_load_end__ = __ctors_end__
                0x00000001                . = ASSERT (((__ctors_end__ >= __FLASH_segment_start__) && (__ctors_end__ <= __FLASH_segment_end__)), error: .ctors is too large to fit in FLASH memory segment)
                0x08005b9c                __rodata_load_start__ = ALIGN (__ctors_end__, 0x4)

.rodata         0x08005b9c     0x1420
                0x08005b9c                __rodata_start__ = .
 *(.rodata .rodata.* .gnu.linkonce.r.*)
 .rodata        0x08005b9c      0x100 THUMB Debug/main.o
 .rodata        0x08005c9c       0xd8 THUMB Debug/stm32l1xx_it.o
 .rodata.GPIO_PIN
                0x08005d74        0x8 THUMB Debug/stm32l152d_eval.o
                0x08005d74                GPIO_PIN
 .rodata.BUTTON_PIN
                0x08005d7c        0xc THUMB Debug/stm32l152d_eval.o
                0x08005d7c                BUTTON_PIN
 .rodata.BUTTON_CLK
                0x08005d88       0x18 THUMB Debug/stm32l152d_eval.o
                0x08005d88                BUTTON_CLK
 .rodata.BUTTON_EXTI_LINE
                0x08005da0        0xc THUMB Debug/stm32l152d_eval.o
                0x08005da0                BUTTON_EXTI_LINE
 .rodata.BUTTON_PORT_SOURCE
                0x08005dac        0x8 THUMB Debug/stm32l152d_eval.o
                0x08005dac                BUTTON_PORT_SOURCE
 .rodata.BUTTON_PIN_SOURCE
                0x08005db4        0x8 THUMB Debug/stm32l152d_eval.o
                0x08005db4                BUTTON_PIN_SOURCE
 .rodata.BUTTON_IRQn
                0x08005dbc        0x8 THUMB Debug/stm32l152d_eval.o
                0x08005dbc                BUTTON_IRQn
 .rodata.ASCII16x24_Table
                0x08005dc4     0x11d0 THUMB Debug/stm32l152d_eval_lcd.o
                0x08005dc4                ASCII16x24_Table
 .rodata.libc.__hex_lc
                0x08006f94       0x10 /usr/share/crossworks_for_arm_2.3/lib/libc_v7m_t_le_eabi.a(libc2.o)
                0x08006f94                __hex_lc
 .rodata.libc.__hex_uc
                0x08006fa4       0x10 /usr/share/crossworks_for_arm_2.3/lib/libc_v7m_t_le_eabi.a(libc2.o)
                0x08006fa4                __hex_uc
 .rodata.libc.str1.4
                0x08006fb4        0x8 /usr/share/crossworks_for_arm_2.3/lib/libc_v7m_t_le_eabi.a(__vfprintf_int.o)
                0x08006fbc                __rodata_end__ = (__rodata_start__ + SIZEOF (.rodata))
                0x08006fbc                __rodata_load_end__ = __rodata_end__
                0x00000001                . = ASSERT (((__rodata_end__ >= __FLASH_segment_start__) && (__rodata_end__ <= __FLASH_segment_end__)), error: .rodata is too large to fit in FLASH memory segment)
                0x08006fbc                __ARM.exidx_load_start__ = ALIGN (__rodata_end__, 0x4)

.ARM.exidx      0x08006fbc        0x0
                0x08006fbc                __ARM.exidx_start__ = .
                0x08006fbc                __exidx_start = __ARM.exidx_start__
 *(.ARM.exidx .ARM.exidx.*)
                0x08006fbc                __ARM.exidx_end__ = (__ARM.exidx_start__ + SIZEOF (.ARM.exidx))
                0x08006fbc                __exidx_end = __ARM.exidx_end__
                0x08006fbc                __ARM.exidx_load_end__ = __ARM.exidx_end__
                0x00000001                . = ASSERT (((__ARM.exidx_end__ >= __FLASH_segment_start__) && (__ARM.exidx_end__ <= __FLASH_segment_end__)), error: .ARM.exidx is too large to fit in FLASH memory segment)
                0x08006fbc                __fast_load_start__ = ALIGN (__ARM.exidx_end__, 0x4)

.fast           0x20000000        0x0 load address 0x08006fbc
                0x20000000                __fast_start__ = .
 *(.fast .fast.*)
                0x20000000                __fast_end__ = (__fast_start__ + SIZEOF (.fast))
                0x08006fbc                __fast_load_end__ = (__fast_load_start__ + SIZEOF (.fast))
                0x00000001                . = ASSERT (((__fast_load_end__ >= __FLASH_segment_start__) && (__fast_load_end__ <= __FLASH_segment_end__)), error: .fast is too large to fit in FLASH memory segment)

.fast_run       0x20000000        0x0
                0x20000000                __fast_run_start__ = .
                0x20000000                . = MAX ((__fast_run_start__ + SIZEOF (.fast)), .)
                0x20000000                __fast_run_end__ = (__fast_run_start__ + SIZEOF (.fast_run))
                0x20000000                __fast_run_load_end__ = __fast_run_end__
                0x00000001                . = ASSERT (((__fast_run_end__ >= __RAM_segment_start__) && (__fast_run_end__ <= __RAM_segment_end__)), error: .fast_run is too large to fit in RAM memory segment)
                0x08006fbc                __data_load_start__ = ALIGN ((__fast_load_start__ + SIZEOF (.fast)), 0x4)

.data           0x20000000       0x42 load address 0x08006fbc
                0x20000000                __data_start__ = .
 *(.data .data.* .gnu.linkonce.d.*)
 .data.SystemCoreClock
                0x20000000        0x4 THUMB Debug/system_stm32l1xx.o
                0x20000000                SystemCoreClock
 .data.GPIO_PORT
                0x20000004       0x10 THUMB Debug/stm32l152d_eval.o
                0x20000004                GPIO_PORT
 .data.BUTTON_PORT
                0x20000014       0x18 THUMB Debug/stm32l152d_eval.o
                0x20000014                BUTTON_PORT
 .data.AudioRemSize
                0x2000002c        0x4 THUMB Debug/stm32l152d_eval_audio_codec.o
                0x2000002c                AudioRemSize
 .data.AUDIO_MAL_DMA_CHANNEL
                0x20000030        0x4 THUMB Debug/stm32l152d_eval_audio_codec.o
                0x20000030                AUDIO_MAL_DMA_CHANNEL
 .data.AUDIO_MAL_DMA_FLAG_TC
                0x20000034        0x4 THUMB Debug/stm32l152d_eval_audio_codec.o
                0x20000034                AUDIO_MAL_DMA_FLAG_TC
 .data.Font16x24
                0x20000038        0x8 THUMB Debug/stm32l152d_eval_lcd.o
                0x20000038                Font16x24
 .data.BackColor
                0x20000040        0x2 THUMB Debug/stm32l152d_eval_lcd.o
                0x20000042                __data_end__ = (__data_start__ + SIZEOF (.data))
                0x08006ffe                __data_load_end__ = (__data_load_start__ + SIZEOF (.data))
                0x00000001                . = ASSERT (((__data_load_end__ >= __FLASH_segment_start__) && (__data_load_end__ <= __FLASH_segment_end__)), error: .data is too large to fit in FLASH memory segment)

.data_run       0x20000000       0x42 load address 0x08006fbc
                0x20000000                __data_run_start__ = .
                0x20000042                . = MAX ((__data_run_start__ + SIZEOF (.data)), .)
 *fill*         0x20000000       0x42 00
                0x20000042                __data_run_end__ = (__data_run_start__ + SIZEOF (.data_run))
                0x20000042                __data_run_load_end__ = __data_run_end__
                0x00000001                . = ASSERT (((__data_run_end__ >= __RAM_segment_start__) && (__data_run_end__ <= __RAM_segment_end__)), error: .data_run is too large to fit in RAM memory segment)
                0x20000044                __bss_load_start__ = ALIGN (__data_run_end__, 0x4)

.bss            0x20000044       0xbc
                0x20000044                __bss_start__ = .
 *(.bss .bss.* .gnu.linkonce.b.*)
 .bss.TimingDelay
                0x20000044        0x4 THUMB Debug/main.o
 .bss.LedShowStatus
                0x20000048        0x4 THUMB Debug/main.o
 .bss.SELStatus
                0x2000004c        0x4 THUMB Debug/main.o
 .bss.StandbyModeStatus
                0x20000050        0x4 THUMB Debug/main.o
 .bss.ADC_InitStructure
                0x20000054       0x18 THUMB Debug/main.o
                0x20000054                ADC_InitStructure
 .bss.DMA_InitStructure
                0x2000006c       0x2c THUMB Debug/main.o
                0x2000006c                DMA_InitStructure
 .bss.GPIO_InitStructure
                0x20000098        0x8 THUMB Debug/main.o
                0x20000098                GPIO_InitStructure
 .bss.ADC_ConvertedValue
                0x200000a0        0xc THUMB Debug/main.o
                0x200000a0                ADC_ConvertedValue
 .bss.recording
                0x200000ac        0x4 THUMB Debug/main.o
                0x200000ac                recording
 .bss.DMA_InitStructure
                0x200000b0       0x2c THUMB Debug/stm32l152d_eval_audio_codec.o
 .bss.CurrentPos
                0x200000dc        0x4 THUMB Debug/stm32l152d_eval_audio_codec.o
                0x200000dc                CurrentPos
 .bss.LCD_Currentfonts
                0x200000e0        0x4 THUMB Debug/stm32l152d_eval_lcd.o
 .bss.TextColor
                0x200000e4        0x2 THUMB Debug/stm32l152d_eval_lcd.o
 .bss.LCD_ID    0x200000e6        0x2 THUMB Debug/stm32l152d_eval_lcd.o
 .bss.TransferError
                0x200000e8        0x1 THUMB Debug/stm32l152d_eval_sdio_sd.o
                0x200000e8                TransferError
 *fill*         0x200000e9        0x3 00
 .bss.TransferEnd
                0x200000ec        0x4 THUMB Debug/stm32l152d_eval_sdio_sd.o
                0x200000ec                TransferEnd
 .bss.DMAEndOfTransfer
                0x200000f0        0x4 THUMB Debug/stm32l152d_eval_sdio_sd.o
                0x200000f0                DMAEndOfTransfer
 .bss.libc.__format_extender
                0x200000f4        0x4 /usr/share/crossworks_for_arm_2.3/lib/libc_v7m_t_le_eabi.a(libc2.o)
                0x200000f4                __format_extender
 .bss.libdebugio.dbgCommWord
                0x200000f8        0x4 /usr/share/crossworks_for_arm_2.3/lib/libdebugio_v7m_t_le_eabi.a(libdebugio.o)
                0x200000f8                dbgCommWord
 .bss.libdebugio.dbgCntrlWord_mempoll
                0x200000fc        0x4 /usr/share/crossworks_for_arm_2.3/lib/libdebugio_v7m_t_le_eabi.a(libdebugio.o)
                0x200000fc                dbgCntrlWord_mempoll
 *(COMMON)
                0x20000100                __bss_end__ = (__bss_start__ + SIZEOF (.bss))
                0x20000100                __bss_load_end__ = __bss_end__
                0x00000001                . = ASSERT (((__bss_end__ >= __RAM_segment_start__) && (__bss_end__ <= __RAM_segment_end__)), error: .bss is too large to fit in RAM memory segment)
                0x20000100                __non_init_load_start__ = ALIGN (__bss_end__, 0x4)

.non_init       0x20000100        0x0
                0x20000100                __non_init_start__ = .
 *(.non_init .non_init.*)
                0x20000100                __non_init_end__ = (__non_init_start__ + SIZEOF (.non_init))
                0x20000100                __non_init_load_end__ = __non_init_end__
                0x00000001                . = ASSERT (((__non_init_end__ >= __RAM_segment_start__) && (__non_init_end__ <= __RAM_segment_end__)), error: .non_init is too large to fit in RAM memory segment)
                0x20000100                __heap_load_start__ = ALIGN (__non_init_end__, 0x4)

.heap           0x20000100      0x400
                0x20000100                __heap_start__ = .
 *(.heap .heap.*)
                0x20000500                . = ALIGN (MAX ((__heap_start__ + __HEAPSIZE__), .), 0x4)
 *fill*         0x20000100      0x400 00
                0x20000500                __heap_end__ = (__heap_start__ + SIZEOF (.heap))
                0x20000500                __heap_load_end__ = __heap_end__
                0x00000001                . = ASSERT (((__heap_end__ >= __RAM_segment_start__) && (__heap_end__ <= __RAM_segment_end__)), error: .heap is too large to fit in RAM memory segment)
                0x20000500                __stack_load_start__ = ALIGN (__heap_end__, 0x4)

.stack          0x20000500     0x2000
                0x20000500                __stack_start__ = .
 *(.stack .stack.*)
                0x20002500                . = ALIGN (MAX ((__stack_start__ + __STACKSIZE__), .), 0x4)
 *fill*         0x20000500     0x2000 00
                0x20002500                __stack_end__ = (__stack_start__ + SIZEOF (.stack))
                0x20002500                __stack_load_end__ = __stack_end__
                0x00000001                . = ASSERT (((__stack_end__ >= __RAM_segment_start__) && (__stack_end__ <= __RAM_segment_end__)), error: .stack is too large to fit in RAM memory segment)
                0x20002500                __stack_process_load_start__ = ALIGN (__stack_end__, 0x4)

.stack_process  0x20002500        0x0
                0x20002500                __stack_process_start__ = .
 *(.stack_process .stack_process.*)
                0x20002500                . = ALIGN (MAX ((__stack_process_start__ + __STACKSIZE_PROCESS__), .), 0x4)
                0x20002500                __stack_process_end__ = (__stack_process_start__ + SIZEOF (.stack_process))
                0x20002500                __stack_process_load_end__ = __stack_process_end__
                0x00000001                . = ASSERT (((__stack_process_end__ >= __RAM_segment_start__) && (__stack_process_end__ <= __RAM_segment_end__)), error: .stack_process is too large to fit in RAM memory segment)
                0x20002500                __tbss_load_start__ = ALIGN (__stack_process_end__, 0x4)

.tbss           0x20002500        0x0
                0x20002500                __tbss_start__ = .
 *(.tbss .tbss.*)
                0x20002500                __tbss_end__ = (__tbss_start__ + SIZEOF (.tbss))
                0x20002500                __tbss_load_end__ = __tbss_end__
                0x00000001                . = ASSERT (((__tbss_end__ >= __RAM_segment_start__) && (__tbss_end__ <= __RAM_segment_end__)), error: .tbss is too large to fit in RAM memory segment)
                0x08007000                __tdata_load_start__ = ALIGN ((__data_load_start__ + SIZEOF (.data)), 0x4)

.tdata          0x20002500        0x0 load address 0x08007000
                0x20002500                __tdata_start__ = .
 *(.tdata .tdata.*)
                0x20002500                __tdata_end__ = (__tdata_start__ + SIZEOF (.tdata))
                0x08007000                __tdata_load_end__ = (__tdata_load_start__ + SIZEOF (.tdata))
                0x08007000                __FLASH_segment_used_end__ = (ALIGN ((__data_load_start__ + SIZEOF (.data)), 0x4) + SIZEOF (.tdata))
                0x00000001                . = ASSERT (((__tdata_load_end__ >= __FLASH_segment_start__) && (__tdata_load_end__ <= __FLASH_segment_end__)), error: .tdata is too large to fit in FLASH memory segment)

.tdata_run      0x20002500        0x0
                0x20002500                __tdata_run_start__ = .
                0x20002500                . = MAX ((__tdata_run_start__ + SIZEOF (.tdata)), .)
                0x20002500                __tdata_run_end__ = (__tdata_run_start__ + SIZEOF (.tdata_run))
                0x20002500                __tdata_run_load_end__ = __tdata_run_end__
                0x20002500                __RAM_segment_used_end__ = (ALIGN (__tbss_end__, 0x4) + SIZEOF (.tdata_run))
                0x00000001                . = ASSERT (((__tdata_run_end__ >= __RAM_segment_start__) && (__tdata_run_end__ <= __RAM_segment_end__)), error: .tdata_run is too large to fit in RAM memory segment)
START GROUP
LOAD THUMB Debug/main.o
LOAD THUMB Debug/system_stm32l1xx.o
LOAD THUMB Debug/stm32l1xx_it.o
LOAD THUMB Debug/stm32l152d_eval_spi_ee.o
LOAD THUMB Debug/stm32l152d_eval.o
LOAD THUMB Debug/stm32l152d_eval_audio_codec.o
LOAD THUMB Debug/stm32l152d_eval_fsmc_nor.o
LOAD THUMB Debug/stm32l152d_eval_fsmc_sram.o
LOAD THUMB Debug/stm32l152d_eval_glass_lcd.o
LOAD THUMB Debug/stm32l152d_eval_i2c_tsensor.o
LOAD THUMB Debug/stm32l152d_eval_lcd.o
LOAD THUMB Debug/stm32l152d_eval_sdio_sd.o
LOAD THUMB Debug/misc.o
LOAD THUMB Debug/stm32l1xx_adc.o
LOAD THUMB Debug/stm32l1xx_aes.o
LOAD THUMB Debug/stm32l1xx_aes_util.o
LOAD THUMB Debug/stm32l1xx_comp.o
LOAD THUMB Debug/stm32l1xx_crc.o
LOAD THUMB Debug/stm32l1xx_dac.o
LOAD THUMB Debug/stm32l1xx_dbgmcu.o
LOAD THUMB Debug/stm32l1xx_dma.o
LOAD THUMB Debug/stm32l1xx_exti.o
LOAD THUMB Debug/stm32l1xx_flash.o
LOAD THUMB Debug/stm32l1xx_flash_ramfunc.o
LOAD THUMB Debug/stm32l1xx_fsmc.o
LOAD THUMB Debug/stm32l1xx_gpio.o
LOAD THUMB Debug/stm32l1xx_i2c.o
LOAD THUMB Debug/stm32l1xx_iwdg.o
LOAD THUMB Debug/stm32l1xx_lcd.o
LOAD THUMB Debug/stm32l1xx_opamp.o
LOAD THUMB Debug/stm32l1xx_pwr.o
LOAD THUMB Debug/stm32l1xx_rcc.o
LOAD THUMB Debug/stm32l1xx_rtc.o
LOAD THUMB Debug/stm32l1xx_sdio.o
LOAD THUMB Debug/stm32l1xx_spi.o
LOAD THUMB Debug/stm32l1xx_syscfg.o
LOAD THUMB Debug/stm32l1xx_tim.o
LOAD THUMB Debug/stm32l1xx_usart.o
LOAD THUMB Debug/stm32l1xx_wwdg.o
LOAD THUMB Debug/thumb_crt0.o
LOAD THUMB Debug/STM32_Startup.o
LOAD /usr/share/crossworks_for_arm_2.3/lib/libcm_v7m_t_le_eabi.a
LOAD /usr/share/crossworks_for_arm_2.3/lib/libm_v7m_t_le_eabi.a
LOAD /usr/share/crossworks_for_arm_2.3/lib/libc_v7m_t_le_eabi.a
LOAD /usr/share/crossworks_for_arm_2.3/lib/libcpp_v7m_t_le_eabi.a
LOAD /usr/share/crossworks_for_arm_2.3/lib/libdebugio_v7m_t_le_eabi.a
LOAD /usr/share/crossworks_for_arm_2.3/lib/libc_targetio_impl_v7m_t_le_eabi.a
LOAD /usr/share/crossworks_for_arm_2.3/lib/libc_user_libc_v7m_t_le_eabi.a
END GROUP
OUTPUT(THUMB Debug/bd.elf elf32-littlearm)

.debug_frame    0x00000000     0xa278
 .debug_frame   0x00000000      0x3bc THUMB Debug/main.o
 .debug_frame   0x000003bc       0x8c THUMB Debug/system_stm32l1xx.o
 .debug_frame   0x00000448      0x340 THUMB Debug/stm32l1xx_it.o
 .debug_frame   0x00000788      0x1f8 THUMB Debug/stm32l152d_eval_spi_ee.o
 .debug_frame   0x00000980      0x31c THUMB Debug/stm32l152d_eval.o
 .debug_frame   0x00000c9c      0x590 THUMB Debug/stm32l152d_eval_audio_codec.o
 .debug_frame   0x0000122c      0x1f4 THUMB Debug/stm32l152d_eval_fsmc_nor.o
 .debug_frame   0x00001420       0x8c THUMB Debug/stm32l152d_eval_fsmc_sram.o
 .debug_frame   0x000014ac      0x344 THUMB Debug/stm32l152d_eval_glass_lcd.o
 .debug_frame   0x000017f0      0x1c0 THUMB Debug/stm32l152d_eval_i2c_tsensor.o
 .debug_frame   0x000019b0      0x6dc THUMB Debug/stm32l152d_eval_lcd.o
 .debug_frame   0x0000208c      0x5fc THUMB Debug/stm32l152d_eval_sdio_sd.o
 .debug_frame   0x00002688       0xd8 THUMB Debug/misc.o
 .debug_frame   0x00002760      0x604 THUMB Debug/stm32l1xx_adc.o
 .debug_frame   0x00002d64      0x2d4 THUMB Debug/stm32l1xx_aes.o
 .debug_frame   0x00003038      0x118 THUMB Debug/stm32l1xx_aes_util.o
 .debug_frame   0x00003150      0x120 THUMB Debug/stm32l1xx_comp.o
 .debug_frame   0x00003270       0xe8 THUMB Debug/stm32l1xx_crc.o
 .debug_frame   0x00003358      0x2b4 THUMB Debug/stm32l1xx_dac.o
 .debug_frame   0x0000360c       0xc8 THUMB Debug/stm32l1xx_dbgmcu.o
 .debug_frame   0x000036d4      0x1c8 THUMB Debug/stm32l1xx_dma.o
 .debug_frame   0x0000389c      0x148 THUMB Debug/stm32l1xx_exti.o
 .debug_frame   0x000039e4      0x66c THUMB Debug/stm32l1xx_flash.o
 .debug_frame   0x00004050      0x16c THUMB Debug/stm32l1xx_flash_ramfunc.o
 .debug_frame   0x000041bc       0xb0 THUMB Debug/stm32l1xx_fsmc.o
 .debug_frame   0x0000426c      0x244 THUMB Debug/stm32l1xx_gpio.o
 .debug_frame   0x000044b0      0x540 THUMB Debug/stm32l1xx_i2c.o
 .debug_frame   0x000049f0       0xf0 THUMB Debug/stm32l1xx_iwdg.o
 .debug_frame   0x00004ae0      0x2d0 THUMB Debug/stm32l1xx_lcd.o
 .debug_frame   0x00004db0      0x170 THUMB Debug/stm32l1xx_opamp.o
 .debug_frame   0x00004f20      0x234 THUMB Debug/stm32l1xx_pwr.o
 .debug_frame   0x00005154      0x5ec THUMB Debug/stm32l1xx_rcc.o
 .debug_frame   0x00005740      0x8bc THUMB Debug/stm32l1xx_rtc.o
 .debug_frame   0x00005ffc      0x494 THUMB Debug/stm32l1xx_sdio.o
 .debug_frame   0x00006490      0x3b0 THUMB Debug/stm32l1xx_spi.o
 .debug_frame   0x00006840      0x208 THUMB Debug/stm32l1xx_syscfg.o
 .debug_frame   0x00006a48      0xd4c THUMB Debug/stm32l1xx_tim.o
 .debug_frame   0x00007794      0x4a0 THUMB Debug/stm32l1xx_usart.o
 .debug_frame   0x00007c34      0x13c THUMB Debug/stm32l1xx_wwdg.o
 .debug_frame   0x00007d70      0x600 /usr/share/crossworks_for_arm_2.3/lib/libm_v7m_t_le_eabi.a(libm_asm.o)
 .debug_frame   0x00008370     0x1290 /usr/share/crossworks_for_arm_2.3/lib/libc_v7m_t_le_eabi.a(libc2.o)
 .debug_frame   0x00009600      0x120 /usr/share/crossworks_for_arm_2.3/lib/libc_v7m_t_le_eabi.a(libc2_asm.o)
 .debug_frame   0x00009720       0x40 /usr/share/crossworks_for_arm_2.3/lib/libc_v7m_t_le_eabi.a(__vfprintf_int.o)
 .debug_frame   0x00009760       0x88 /usr/share/crossworks_for_arm_2.3/lib/libc_v7m_t_le_eabi.a(__vfscanf_int.o)
 .debug_frame   0x000097e8      0x260 /usr/share/crossworks_for_arm_2.3/lib/libc_v7m_t_le_eabi.a(libc_asm.o)
 .debug_frame   0x00009a48      0x790 /usr/share/crossworks_for_arm_2.3/lib/libdebugio_v7m_t_le_eabi.a(libdebugio.o)
 .debug_frame   0x0000a1d8       0xa0 /usr/share/crossworks_for_arm_2.3/lib/libc_user_libc_v7m_t_le_eabi.a(user_libc.o)

.debug_info     0x00000000    0x17687
 .debug_info    0x00000000     0x14c9 THUMB Debug/main.o
 .debug_info    0x000014c9      0x5f2 THUMB Debug/system_stm32l1xx.o
 .debug_info    0x00001abb      0xaec THUMB Debug/stm32l1xx_it.o
 .debug_info    0x000025a7      0x55c THUMB Debug/stm32l152d_eval_spi_ee.o
 .debug_info    0x00002b03     0x135a THUMB Debug/stm32l152d_eval.o
 .debug_info    0x00003e5d     0x10e2 THUMB Debug/stm32l152d_eval_audio_codec.o
 .debug_info    0x00004f3f      0x7ac THUMB Debug/stm32l152d_eval_fsmc_nor.o
 .debug_info    0x000056eb      0x50b THUMB Debug/stm32l152d_eval_fsmc_sram.o
 .debug_info    0x00005bf6      0xb52 THUMB Debug/stm32l152d_eval_glass_lcd.o
 .debug_info    0x00006748      0x665 THUMB Debug/stm32l152d_eval_i2c_tsensor.o
 .debug_info    0x00006dad     0x11ca THUMB Debug/stm32l152d_eval_lcd.o
 .debug_info    0x00007f77     0x1506 THUMB Debug/stm32l152d_eval_sdio_sd.o
 .debug_info    0x0000947d      0x58d THUMB Debug/misc.o
 .debug_info    0x00009a0a      0xd5f THUMB Debug/stm32l1xx_adc.o
 .debug_info    0x0000a769      0x5df THUMB Debug/stm32l1xx_aes.o
 .debug_info    0x0000ad48      0xf6f THUMB Debug/stm32l1xx_aes_util.o
 .debug_info    0x0000bcb7      0x276 THUMB Debug/stm32l1xx_comp.o
 .debug_info    0x0000bf2d      0x204 THUMB Debug/stm32l1xx_crc.o
 .debug_info    0x0000c131      0x67c THUMB Debug/stm32l1xx_dac.o
 .debug_info    0x0000c7ad      0x1e8 THUMB Debug/stm32l1xx_dbgmcu.o
 .debug_info    0x0000c995      0x4a6 THUMB Debug/stm32l1xx_dma.o
 .debug_info    0x0000ce3b      0x36b THUMB Debug/stm32l1xx_exti.o
 .debug_info    0x0000d1a6      0xbf4 THUMB Debug/stm32l1xx_flash.o
 .debug_info    0x0000dd9a      0x481 THUMB Debug/stm32l1xx_flash_ramfunc.o
 .debug_info    0x0000e21b      0x348 THUMB Debug/stm32l1xx_fsmc.o
 .debug_info    0x0000e563      0x67c THUMB Debug/stm32l1xx_gpio.o
 .debug_info    0x0000ebdf      0xb8a THUMB Debug/stm32l1xx_i2c.o
 .debug_info    0x0000f769      0x204 THUMB Debug/stm32l1xx_iwdg.o
 .debug_info    0x0000f96d      0x4e0 THUMB Debug/stm32l1xx_lcd.o
 .debug_info    0x0000fe4d      0x32b THUMB Debug/stm32l1xx_opamp.o
 .debug_info    0x00010178      0x5f4 THUMB Debug/stm32l1xx_pwr.o
 .debug_info    0x0001076c      0xaa5 THUMB Debug/stm32l1xx_rcc.o
 .debug_info    0x00011211     0x1288 THUMB Debug/stm32l1xx_rtc.o
 .debug_info    0x00012499      0x89c THUMB Debug/stm32l1xx_sdio.o
 .debug_info    0x00012d35      0x967 THUMB Debug/stm32l1xx_spi.o
 .debug_info    0x0001369c      0x456 THUMB Debug/stm32l1xx_syscfg.o
 .debug_info    0x00013af2     0x1af2 THUMB Debug/stm32l1xx_tim.o
 .debug_info    0x000155e4      0xa48 THUMB Debug/stm32l1xx_usart.o
 .debug_info    0x0001602c      0x24f THUMB Debug/stm32l1xx_wwdg.o
 .debug_info    0x0001627b       0x7a THUMB Debug/thumb_crt0.o
 .debug_info    0x000162f5       0xa7 THUMB Debug/STM32_Startup.o
 .debug_info    0x0001639c      0xc64 /usr/share/crossworks_for_arm_2.3/lib/libc_v7m_t_le_eabi.a(libc2.o)
 .debug_info    0x00017000       0x36 /usr/share/crossworks_for_arm_2.3/lib/libc_v7m_t_le_eabi.a(__vfprintf_int.o)
 .debug_info    0x00017036       0x65 /usr/share/crossworks_for_arm_2.3/lib/libc_v7m_t_le_eabi.a(__vfscanf_int.o)
 .debug_info    0x0001709b      0x51f /usr/share/crossworks_for_arm_2.3/lib/libdebugio_v7m_t_le_eabi.a(libdebugio.o)
 .debug_info    0x000175ba       0xcd /usr/share/crossworks_for_arm_2.3/lib/libc_user_libc_v7m_t_le_eabi.a(user_libc.o)

.debug_abbrev   0x00000000     0x39a6
 .debug_abbrev  0x00000000      0x26f THUMB Debug/main.o
 .debug_abbrev  0x0000026f      0x153 THUMB Debug/system_stm32l1xx.o
 .debug_abbrev  0x000003c2      0x1fa THUMB Debug/stm32l1xx_it.o
 .debug_abbrev  0x000005bc      0x193 THUMB Debug/stm32l152d_eval_spi_ee.o
 .debug_abbrev  0x0000074f      0x1ba THUMB Debug/stm32l152d_eval.o
 .debug_abbrev  0x00000909      0x20d THUMB Debug/stm32l152d_eval_audio_codec.o
 .debug_abbrev  0x00000b16      0x188 THUMB Debug/stm32l152d_eval_fsmc_nor.o
 .debug_abbrev  0x00000c9e      0x11a THUMB Debug/stm32l152d_eval_fsmc_sram.o
 .debug_abbrev  0x00000db8      0x1da THUMB Debug/stm32l152d_eval_glass_lcd.o
 .debug_abbrev  0x00000f92      0x1bf THUMB Debug/stm32l152d_eval_i2c_tsensor.o
 .debug_abbrev  0x00001151      0x21f THUMB Debug/stm32l152d_eval_lcd.o
 .debug_abbrev  0x00001370      0x19e THUMB Debug/stm32l152d_eval_sdio_sd.o
 .debug_abbrev  0x0000150e      0x11b THUMB Debug/misc.o
 .debug_abbrev  0x00001629      0x152 THUMB Debug/stm32l1xx_adc.o
 .debug_abbrev  0x0000177b      0x16f THUMB Debug/stm32l1xx_aes.o
 .debug_abbrev  0x000018ea      0x1c7 THUMB Debug/stm32l1xx_aes_util.o
 .debug_abbrev  0x00001ab1      0x13a THUMB Debug/stm32l1xx_comp.o
 .debug_abbrev  0x00001beb       0xff THUMB Debug/stm32l1xx_crc.o
 .debug_abbrev  0x00001cea      0x167 THUMB Debug/stm32l1xx_dac.o
 .debug_abbrev  0x00001e51       0xcf THUMB Debug/stm32l1xx_dbgmcu.o
 .debug_abbrev  0x00001f20      0x143 THUMB Debug/stm32l1xx_dma.o
 .debug_abbrev  0x00002063      0x18d THUMB Debug/stm32l1xx_exti.o
 .debug_abbrev  0x000021f0      0x178 THUMB Debug/stm32l1xx_flash.o
 .debug_abbrev  0x00002368      0x146 THUMB Debug/stm32l1xx_flash_ramfunc.o
 .debug_abbrev  0x000024ae       0xe0 THUMB Debug/stm32l1xx_fsmc.o
 .debug_abbrev  0x0000258e      0x168 THUMB Debug/stm32l1xx_gpio.o
 .debug_abbrev  0x000026f6      0x152 THUMB Debug/stm32l1xx_i2c.o
 .debug_abbrev  0x00002848       0xef THUMB Debug/stm32l1xx_iwdg.o
 .debug_abbrev  0x00002937      0x170 THUMB Debug/stm32l1xx_lcd.o
 .debug_abbrev  0x00002aa7      0x124 THUMB Debug/stm32l1xx_opamp.o
 .debug_abbrev  0x00002bcb      0x188 THUMB Debug/stm32l1xx_pwr.o
 .debug_abbrev  0x00002d53      0x1ac THUMB Debug/stm32l1xx_rcc.o
 .debug_abbrev  0x00002eff      0x160 THUMB Debug/stm32l1xx_rtc.o
 .debug_abbrev  0x0000305f      0x162 THUMB Debug/stm32l1xx_sdio.o
 .debug_abbrev  0x000031c1      0x152 THUMB Debug/stm32l1xx_spi.o
 .debug_abbrev  0x00003313      0x149 THUMB Debug/stm32l1xx_syscfg.o
 .debug_abbrev  0x0000345c      0x167 THUMB Debug/stm32l1xx_tim.o
 .debug_abbrev  0x000035c3      0x143 THUMB Debug/stm32l1xx_usart.o
 .debug_abbrev  0x00003706      0x113 THUMB Debug/stm32l1xx_wwdg.o
 .debug_abbrev  0x00003819       0x14 THUMB Debug/thumb_crt0.o
 .debug_abbrev  0x0000382d       0x14 THUMB Debug/STM32_Startup.o
 .debug_abbrev  0x00003841       0xa0 /usr/share/crossworks_for_arm_2.3/lib/libc_v7m_t_le_eabi.a(libc2.o)
 .debug_abbrev  0x000038e1       0x25 /usr/share/crossworks_for_arm_2.3/lib/libc_v7m_t_le_eabi.a(__vfprintf_int.o)
 .debug_abbrev  0x00003906       0x43 /usr/share/crossworks_for_arm_2.3/lib/libc_v7m_t_le_eabi.a(__vfscanf_int.o)
 .debug_abbrev  0x00003949       0x38 /usr/share/crossworks_for_arm_2.3/lib/libdebugio_v7m_t_le_eabi.a(libdebugio.o)
 .debug_abbrev  0x00003981       0x25 /usr/share/crossworks_for_arm_2.3/lib/libc_user_libc_v7m_t_le_eabi.a(user_libc.o)

.debug_loc      0x00000000     0xbf56
 .debug_loc     0x00000000      0x4c8 THUMB Debug/main.o
 .debug_loc     0x000004c8       0xa8 THUMB Debug/system_stm32l1xx.o
 .debug_loc     0x00000570      0x438 THUMB Debug/stm32l1xx_it.o
 .debug_loc     0x000009a8      0x264 THUMB Debug/stm32l152d_eval_spi_ee.o
 .debug_loc     0x00000c0c      0x3f4 THUMB Debug/stm32l152d_eval.o
 .debug_loc     0x00001000      0x704 THUMB Debug/stm32l152d_eval_audio_codec.o
 .debug_loc     0x00001704      0x27e THUMB Debug/stm32l152d_eval_fsmc_nor.o
 .debug_loc     0x00001982       0xaa THUMB Debug/stm32l152d_eval_fsmc_sram.o
 .debug_loc     0x00001a2c      0x41c THUMB Debug/stm32l152d_eval_glass_lcd.o
 .debug_loc     0x00001e48      0x226 THUMB Debug/stm32l152d_eval_i2c_tsensor.o
 .debug_loc     0x0000206e      0x8d4 THUMB Debug/stm32l152d_eval_lcd.o
 .debug_loc     0x00002942      0x778 THUMB Debug/stm32l152d_eval_sdio_sd.o
 .debug_loc     0x000030ba      0x118 THUMB Debug/misc.o
 .debug_loc     0x000031d2      0x850 THUMB Debug/stm32l1xx_adc.o
 .debug_loc     0x00003a22      0x3d8 THUMB Debug/stm32l1xx_aes.o
 .debug_loc     0x00003dfa      0x15c THUMB Debug/stm32l1xx_aes_util.o
 .debug_loc     0x00003f56      0x17c THUMB Debug/stm32l1xx_comp.o
 .debug_loc     0x000040d2      0x12c THUMB Debug/stm32l1xx_crc.o
 .debug_loc     0x000041fe      0x3ac THUMB Debug/stm32l1xx_dac.o
 .debug_loc     0x000045aa      0x100 THUMB Debug/stm32l1xx_dbgmcu.o
 .debug_loc     0x000046aa      0x268 THUMB Debug/stm32l1xx_dma.o
 .debug_loc     0x00004912      0x1b4 THUMB Debug/stm32l1xx_exti.o
 .debug_loc     0x00004ac6      0x868 THUMB Debug/stm32l1xx_flash.o
 .debug_loc     0x0000532e      0x1c0 THUMB Debug/stm32l1xx_flash_ramfunc.o
 .debug_loc     0x000054ee       0xe0 THUMB Debug/stm32l1xx_fsmc.o
 .debug_loc     0x000055ce      0x310 THUMB Debug/stm32l1xx_gpio.o
 .debug_loc     0x000058de      0x738 THUMB Debug/stm32l1xx_i2c.o
 .debug_loc     0x00006016      0x138 THUMB Debug/stm32l1xx_iwdg.o
 .debug_loc     0x0000614e      0x3cc THUMB Debug/stm32l1xx_lcd.o
 .debug_loc     0x0000651a      0x1ec THUMB Debug/stm32l1xx_opamp.o
 .debug_loc     0x00006706      0x2f8 THUMB Debug/stm32l1xx_pwr.o
 .debug_loc     0x000069fe      0x82c THUMB Debug/stm32l1xx_rcc.o
 .debug_loc     0x0000722a      0xbd8 THUMB Debug/stm32l1xx_rtc.o
 .debug_loc     0x00007e02      0x648 THUMB Debug/stm32l1xx_sdio.o
 .debug_loc     0x0000844a      0x508 THUMB Debug/stm32l1xx_spi.o
 .debug_loc     0x00008952      0x2b4 THUMB Debug/stm32l1xx_syscfg.o
 .debug_loc     0x00008c06     0x1260 THUMB Debug/stm32l1xx_tim.o
 .debug_loc     0x00009e66      0x658 THUMB Debug/stm32l1xx_usart.o
 .debug_loc     0x0000a4be      0x19c THUMB Debug/stm32l1xx_wwdg.o
 .debug_loc     0x0000a65a     0x106e /usr/share/crossworks_for_arm_2.3/lib/libc_v7m_t_le_eabi.a(libc2.o)
 .debug_loc     0x0000b6c8       0x2d /usr/share/crossworks_for_arm_2.3/lib/libc_v7m_t_le_eabi.a(__vfprintf_int.o)
 .debug_loc     0x0000b6f5       0x6d /usr/share/crossworks_for_arm_2.3/lib/libc_v7m_t_le_eabi.a(__vfscanf_int.o)
 .debug_loc     0x0000b762      0x7f4 /usr/share/crossworks_for_arm_2.3/lib/libdebugio_v7m_t_le_eabi.a(libdebugio.o)

.debug_aranges  0x00000000     0x2438
 .debug_aranges
                0x00000000       0xd8 THUMB Debug/main.o
 .debug_aranges
                0x000000d8       0x30 THUMB Debug/system_stm32l1xx.o
 .debug_aranges
                0x00000108       0xd8 THUMB Debug/stm32l1xx_it.o
 .debug_aranges
                0x000001e0       0x78 THUMB Debug/stm32l152d_eval_spi_ee.o
 .debug_aranges
                0x00000258       0xa8 THUMB Debug/stm32l152d_eval.o
 .debug_aranges
                0x00000300      0x128 THUMB Debug/stm32l152d_eval_audio_codec.o
 .debug_aranges
                0x00000428       0x78 THUMB Debug/stm32l152d_eval_fsmc_nor.o
 .debug_aranges
                0x000004a0       0x30 THUMB Debug/stm32l152d_eval_fsmc_sram.o
 .debug_aranges
                0x000004d0       0xb0 THUMB Debug/stm32l152d_eval_glass_lcd.o
 .debug_aranges
                0x00000580       0x68 THUMB Debug/stm32l152d_eval_i2c_tsensor.o
 .debug_aranges
                0x000005e8      0x168 THUMB Debug/stm32l152d_eval_lcd.o
 .debug_aranges
                0x00000750      0x130 THUMB Debug/stm32l152d_eval_sdio_sd.o
 .debug_aranges
                0x00000880       0x40 THUMB Debug/misc.o
 .debug_aranges
                0x000008c0      0x148 THUMB Debug/stm32l1xx_adc.o
 .debug_aranges
                0x00000a08       0xa8 THUMB Debug/stm32l1xx_aes.o
 .debug_aranges
                0x00000ab0       0x48 THUMB Debug/stm32l1xx_aes_util.o
 .debug_aranges
                0x00000af8       0x50 THUMB Debug/stm32l1xx_comp.o
 .debug_aranges
                0x00000b48       0x48 THUMB Debug/stm32l1xx_crc.o
 .debug_aranges
                0x00000b90       0xa0 THUMB Debug/stm32l1xx_dac.o
 .debug_aranges
                0x00000c30       0x40 THUMB Debug/stm32l1xx_dbgmcu.o
 .debug_aranges
                0x00000c70       0x70 THUMB Debug/stm32l1xx_dma.o
 .debug_aranges
                0x00000ce0       0x58 THUMB Debug/stm32l1xx_exti.o
 .debug_aranges
                0x00000d38      0x160 THUMB Debug/stm32l1xx_flash.o
 .debug_aranges
                0x00000e98       0x58 THUMB Debug/stm32l1xx_flash_ramfunc.o
 .debug_aranges
                0x00000ef0       0x38 THUMB Debug/stm32l1xx_fsmc.o
 .debug_aranges
                0x00000f28       0x88 THUMB Debug/stm32l1xx_gpio.o
 .debug_aranges
                0x00000fb0      0x120 THUMB Debug/stm32l1xx_i2c.o
 .debug_aranges
                0x000010d0       0x48 THUMB Debug/stm32l1xx_iwdg.o
 .debug_aranges
                0x00001118       0xa8 THUMB Debug/stm32l1xx_lcd.o
 .debug_aranges
                0x000011c0       0x60 THUMB Debug/stm32l1xx_opamp.o
 .debug_aranges
                0x00001220       0x88 THUMB Debug/stm32l1xx_pwr.o
 .debug_aranges
                0x000012a8      0x148 THUMB Debug/stm32l1xx_rcc.o
 .debug_aranges
                0x000013f0      0x1d0 THUMB Debug/stm32l1xx_rtc.o
 .debug_aranges
                0x000015c0      0x108 THUMB Debug/stm32l1xx_sdio.o
 .debug_aranges
                0x000016c8       0xd0 THUMB Debug/stm32l1xx_spi.o
 .debug_aranges
                0x00001798       0x80 THUMB Debug/stm32l1xx_syscfg.o
 .debug_aranges
                0x00001818      0x2b8 THUMB Debug/stm32l1xx_tim.o
 .debug_aranges
                0x00001ad0      0x100 THUMB Debug/stm32l1xx_usart.o
 .debug_aranges
                0x00001bd0       0x58 THUMB Debug/stm32l1xx_wwdg.o
 .debug_aranges
                0x00001c28       0x20 THUMB Debug/thumb_crt0.o
 .debug_aranges
                0x00001c48       0x20 THUMB Debug/STM32_Startup.o
 .debug_aranges
                0x00001c68      0x508 /usr/share/crossworks_for_arm_2.3/lib/libc_v7m_t_le_eabi.a(libc2.o)
 .debug_aranges
                0x00002170       0x20 /usr/share/crossworks_for_arm_2.3/lib/libc_v7m_t_le_eabi.a(__vfprintf_int.o)
 .debug_aranges
                0x00002190       0x30 /usr/share/crossworks_for_arm_2.3/lib/libc_v7m_t_le_eabi.a(__vfscanf_int.o)
 .debug_aranges
                0x000021c0      0x218 /usr/share/crossworks_for_arm_2.3/lib/libdebugio_v7m_t_le_eabi.a(libdebugio.o)
 .debug_aranges
                0x000023d8       0x60 /usr/share/crossworks_for_arm_2.3/lib/libc_user_libc_v7m_t_le_eabi.a(user_libc.o)

.debug_ranges   0x00000000     0x2138
 .debug_ranges  0x00000000       0xc8 THUMB Debug/main.o
 .debug_ranges  0x000000c8       0x20 THUMB Debug/system_stm32l1xx.o
 .debug_ranges  0x000000e8       0xc8 THUMB Debug/stm32l1xx_it.o
 .debug_ranges  0x000001b0       0x68 THUMB Debug/stm32l152d_eval_spi_ee.o
 .debug_ranges  0x00000218       0x98 THUMB Debug/stm32l152d_eval.o
 .debug_ranges  0x000002b0      0x118 THUMB Debug/stm32l152d_eval_audio_codec.o
 .debug_ranges  0x000003c8       0x68 THUMB Debug/stm32l152d_eval_fsmc_nor.o
 .debug_ranges  0x00000430       0x20 THUMB Debug/stm32l152d_eval_fsmc_sram.o
 .debug_ranges  0x00000450       0xa0 THUMB Debug/stm32l152d_eval_glass_lcd.o
 .debug_ranges  0x000004f0       0x58 THUMB Debug/stm32l152d_eval_i2c_tsensor.o
 .debug_ranges  0x00000548      0x158 THUMB Debug/stm32l152d_eval_lcd.o
 .debug_ranges  0x000006a0      0x120 THUMB Debug/stm32l152d_eval_sdio_sd.o
 .debug_ranges  0x000007c0       0x30 THUMB Debug/misc.o
 .debug_ranges  0x000007f0      0x138 THUMB Debug/stm32l1xx_adc.o
 .debug_ranges  0x00000928       0x98 THUMB Debug/stm32l1xx_aes.o
 .debug_ranges  0x000009c0       0x38 THUMB Debug/stm32l1xx_aes_util.o
 .debug_ranges  0x000009f8       0x40 THUMB Debug/stm32l1xx_comp.o
 .debug_ranges  0x00000a38       0x38 THUMB Debug/stm32l1xx_crc.o
 .debug_ranges  0x00000a70       0x90 THUMB Debug/stm32l1xx_dac.o
 .debug_ranges  0x00000b00       0x30 THUMB Debug/stm32l1xx_dbgmcu.o
 .debug_ranges  0x00000b30       0x60 THUMB Debug/stm32l1xx_dma.o
 .debug_ranges  0x00000b90       0x48 THUMB Debug/stm32l1xx_exti.o
 .debug_ranges  0x00000bd8      0x150 THUMB Debug/stm32l1xx_flash.o
 .debug_ranges  0x00000d28       0x48 THUMB Debug/stm32l1xx_flash_ramfunc.o
 .debug_ranges  0x00000d70       0x28 THUMB Debug/stm32l1xx_fsmc.o
 .debug_ranges  0x00000d98       0x78 THUMB Debug/stm32l1xx_gpio.o
 .debug_ranges  0x00000e10      0x110 THUMB Debug/stm32l1xx_i2c.o
 .debug_ranges  0x00000f20       0x38 THUMB Debug/stm32l1xx_iwdg.o
 .debug_ranges  0x00000f58       0x98 THUMB Debug/stm32l1xx_lcd.o
 .debug_ranges  0x00000ff0       0x50 THUMB Debug/stm32l1xx_opamp.o
 .debug_ranges  0x00001040       0x78 THUMB Debug/stm32l1xx_pwr.o
 .debug_ranges  0x000010b8      0x138 THUMB Debug/stm32l1xx_rcc.o
 .debug_ranges  0x000011f0      0x1c0 THUMB Debug/stm32l1xx_rtc.o
 .debug_ranges  0x000013b0       0xf8 THUMB Debug/stm32l1xx_sdio.o
 .debug_ranges  0x000014a8       0xc0 THUMB Debug/stm32l1xx_spi.o
 .debug_ranges  0x00001568       0x70 THUMB Debug/stm32l1xx_syscfg.o
 .debug_ranges  0x000015d8      0x2a8 THUMB Debug/stm32l1xx_tim.o
 .debug_ranges  0x00001880       0xf0 THUMB Debug/stm32l1xx_usart.o
 .debug_ranges  0x00001970       0x48 THUMB Debug/stm32l1xx_wwdg.o
 .debug_ranges  0x000019b8      0x4f8 /usr/share/crossworks_for_arm_2.3/lib/libc_v7m_t_le_eabi.a(libc2.o)
 .debug_ranges  0x00001eb0       0x10 /usr/share/crossworks_for_arm_2.3/lib/libc_v7m_t_le_eabi.a(__vfprintf_int.o)
 .debug_ranges  0x00001ec0       0x20 /usr/share/crossworks_for_arm_2.3/lib/libc_v7m_t_le_eabi.a(__vfscanf_int.o)
 .debug_ranges  0x00001ee0      0x208 /usr/share/crossworks_for_arm_2.3/lib/libdebugio_v7m_t_le_eabi.a(libdebugio.o)
 .debug_ranges  0x000020e8       0x50 /usr/share/crossworks_for_arm_2.3/lib/libc_user_libc_v7m_t_le_eabi.a(user_libc.o)

.debug_line     0x00000000     0xbb4d
 .debug_line    0x00000000      0x64f THUMB Debug/main.o
 .debug_line    0x0000064f      0x215 THUMB Debug/system_stm32l1xx.o
 .debug_line    0x00000864      0x561 THUMB Debug/stm32l1xx_it.o
 .debug_line    0x00000dc5      0x2ec THUMB Debug/stm32l152d_eval_spi_ee.o
 .debug_line    0x000010b1      0x4a0 THUMB Debug/stm32l152d_eval.o
 .debug_line    0x00001551      0x6a0 THUMB Debug/stm32l152d_eval_audio_codec.o
 .debug_line    0x00001bf1      0x3f3 THUMB Debug/stm32l152d_eval_fsmc_nor.o
 .debug_line    0x00001fe4      0x2bb THUMB Debug/stm32l152d_eval_fsmc_sram.o
 .debug_line    0x0000229f      0xaf4 THUMB Debug/stm32l152d_eval_glass_lcd.o
 .debug_line    0x00002d93      0x698 THUMB Debug/stm32l152d_eval_i2c_tsensor.o
 .debug_line    0x0000342b      0x93a THUMB Debug/stm32l152d_eval_lcd.o
 .debug_line    0x00003d65      0x980 THUMB Debug/stm32l152d_eval_sdio_sd.o
 .debug_line    0x000046e5      0x23e THUMB Debug/misc.o
 .debug_line    0x00004923      0x573 THUMB Debug/stm32l1xx_adc.o
 .debug_line    0x00004e96      0x361 THUMB Debug/stm32l1xx_aes.o
 .debug_line    0x000051f7      0x63f THUMB Debug/stm32l1xx_aes_util.o
 .debug_line    0x00005836      0x27a THUMB Debug/stm32l1xx_comp.o
 .debug_line    0x00005ab0      0x208 THUMB Debug/stm32l1xx_crc.o
 .debug_line    0x00005cb8      0x35b THUMB Debug/stm32l1xx_dac.o
 .debug_line    0x00006013      0x1eb THUMB Debug/stm32l1xx_dbgmcu.o
 .debug_line    0x000061fe      0x2fd THUMB Debug/stm32l1xx_dma.o
 .debug_line    0x000064fb      0x29e THUMB Debug/stm32l1xx_exti.o
 .debug_line    0x00006799      0x5ab THUMB Debug/stm32l1xx_flash.o
 .debug_line    0x00006d44      0x29f THUMB Debug/stm32l1xx_flash_ramfunc.o
 .debug_line    0x00006fe3      0x292 THUMB Debug/stm32l1xx_fsmc.o
 .debug_line    0x00007275      0x336 THUMB Debug/stm32l1xx_gpio.o
 .debug_line    0x000075ab      0x4d1 THUMB Debug/stm32l1xx_i2c.o
 .debug_line    0x00007a7c      0x1fa THUMB Debug/stm32l1xx_iwdg.o
 .debug_line    0x00007c76      0x353 THUMB Debug/stm32l1xx_lcd.o
 .debug_line    0x00007fc9      0x278 THUMB Debug/stm32l1xx_opamp.o
 .debug_line    0x00008241      0x2e0 THUMB Debug/stm32l1xx_pwr.o
 .debug_line    0x00008521      0x514 THUMB Debug/stm32l1xx_rcc.o
 .debug_line    0x00008a35      0x7ee THUMB Debug/stm32l1xx_rtc.o
 .debug_line    0x00009223      0x43f THUMB Debug/stm32l1xx_sdio.o
 .debug_line    0x00009662      0x417 THUMB Debug/stm32l1xx_spi.o
 .debug_line    0x00009a79      0x2c4 THUMB Debug/stm32l1xx_syscfg.o
 .debug_line    0x00009d3d      0x951 THUMB Debug/stm32l1xx_tim.o
 .debug_line    0x0000a68e      0x493 THUMB Debug/stm32l1xx_usart.o
 .debug_line    0x0000ab21      0x225 THUMB Debug/stm32l1xx_wwdg.o
 .debug_line    0x0000ad46       0xbe THUMB Debug/thumb_crt0.o
 .debug_line    0x0000ae04       0xfb THUMB Debug/STM32_Startup.o
 .debug_line    0x0000aeff      0x5b0 /usr/share/crossworks_for_arm_2.3/lib/libc_v7m_t_le_eabi.a(libc2.o)
 .debug_line    0x0000b4af       0x72 /usr/share/crossworks_for_arm_2.3/lib/libc_v7m_t_le_eabi.a(__vfprintf_int.o)
 .debug_line    0x0000b521       0x71 /usr/share/crossworks_for_arm_2.3/lib/libc_v7m_t_le_eabi.a(__vfscanf_int.o)
 .debug_line    0x0000b592      0x54a /usr/share/crossworks_for_arm_2.3/lib/libdebugio_v7m_t_le_eabi.a(libdebugio.o)
 .debug_line    0x0000badc       0x71 /usr/share/crossworks_for_arm_2.3/lib/libc_user_libc_v7m_t_le_eabi.a(user_libc.o)

.debug_str      0x00000000     0x8efd
 .debug_str     0x00000000      0xe8e THUMB Debug/main.o
                                0xf47 (size before relaxing)
 .debug_str     0x00000e8e      0x168 THUMB Debug/system_stm32l1xx.o
                                0x307 (size before relaxing)
 .debug_str     0x00000ff6      0x354 THUMB Debug/stm32l1xx_it.o
                                0x64c (size before relaxing)
 .debug_str     0x0000134a      0x1c6 THUMB Debug/stm32l152d_eval_spi_ee.o
                                0x366 (size before relaxing)
 .debug_str     0x00001510      0x49d THUMB Debug/stm32l152d_eval.o
                                0xe29 (size before relaxing)
 .debug_str     0x000019ad      0x4eb THUMB Debug/stm32l152d_eval_audio_codec.o
                                0xd75 (size before relaxing)
 .debug_str     0x00001e98      0x402 THUMB Debug/stm32l152d_eval_fsmc_nor.o
                                0x702 (size before relaxing)
 .debug_str     0x0000229a       0x8b THUMB Debug/stm32l152d_eval_fsmc_sram.o
                                0x593 (size before relaxing)
 .debug_str     0x00002325      0x6d1 THUMB Debug/stm32l152d_eval_glass_lcd.o
                                0xa1c (size before relaxing)
 .debug_str     0x000029f6      0x18d THUMB Debug/stm32l152d_eval_i2c_tsensor.o
                                0x4b5 (size before relaxing)
 .debug_str     0x00002b83      0x4c6 THUMB Debug/stm32l152d_eval_lcd.o
                                0xa17 (size before relaxing)
 .debug_str     0x00003049      0xcca THUMB Debug/stm32l152d_eval_sdio_sd.o
                                0xeba (size before relaxing)
 .debug_str     0x00003d13      0x11b THUMB Debug/misc.o
                                0x382 (size before relaxing)
 .debug_str     0x00003e2e      0x53c THUMB Debug/stm32l1xx_adc.o
                                0x79e (size before relaxing)
 .debug_str     0x0000436a      0x2a7 THUMB Debug/stm32l1xx_aes.o
                                0x3fc (size before relaxing)
 .debug_str     0x00004611      0x145 THUMB Debug/stm32l1xx_aes_util.o
                                0x32b (size before relaxing)
 .debug_str     0x00004756       0xfa THUMB Debug/stm32l1xx_comp.o
                                0x264 (size before relaxing)
 .debug_str     0x00004850       0xd1 THUMB Debug/stm32l1xx_crc.o
                                0x1f4 (size before relaxing)
 .debug_str     0x00004921      0x28d THUMB Debug/stm32l1xx_dac.o
                                0x3fc (size before relaxing)
 .debug_str     0x00004bae       0xeb THUMB Debug/stm32l1xx_dbgmcu.o
                                0x1fe (size before relaxing)
 .debug_str     0x00004c99      0x145 THUMB Debug/stm32l1xx_dma.o
                                0x37a (size before relaxing)
 .debug_str     0x00004dde      0x10f THUMB Debug/stm32l1xx_exti.o
                                0x317 (size before relaxing)
 .debug_str     0x00004eed      0x4fe THUMB Debug/stm32l1xx_flash.o
                                0x6ab (size before relaxing)
 .debug_str     0x000053eb      0x143 THUMB Debug/stm32l1xx_flash_ramfunc.o
                                0x374 (size before relaxing)
 .debug_str     0x0000552e       0xec THUMB Debug/stm32l1xx_fsmc.o
                                0x3e2 (size before relaxing)
 .debug_str     0x0000561a      0x17f THUMB Debug/stm32l1xx_gpio.o
                                0x474 (size before relaxing)
 .debug_str     0x00005799      0x3a1 THUMB Debug/stm32l1xx_i2c.o
                                0x60e (size before relaxing)
 .debug_str     0x00005b3a       0xf7 THUMB Debug/stm32l1xx_iwdg.o
                                0x215 (size before relaxing)
 .debug_str     0x00005c31      0x1f2 THUMB Debug/stm32l1xx_lcd.o
                                0x3a9 (size before relaxing)
 .debug_str     0x00005e23      0x187 THUMB Debug/stm32l1xx_opamp.o
                                0x2bc (size before relaxing)
 .debug_str     0x00005faa      0x1c4 THUMB Debug/stm32l1xx_pwr.o
                                0x374 (size before relaxing)
 .debug_str     0x0000616e      0x423 THUMB Debug/stm32l1xx_rcc.o
                                0x6b8 (size before relaxing)
 .debug_str     0x00006591      0x929 THUMB Debug/stm32l1xx_rtc.o
                                0xb00 (size before relaxing)
 .debug_str     0x00006eba      0x2f0 THUMB Debug/stm32l1xx_sdio.o
                                0x5f4 (size before relaxing)
 .debug_str     0x000071aa      0x274 THUMB Debug/stm32l1xx_spi.o
                                0x5a5 (size before relaxing)
 .debug_str     0x0000741e      0x28a THUMB Debug/stm32l1xx_syscfg.o
                                0x3c2 (size before relaxing)
 .debug_str     0x000076a8      0x8eb THUMB Debug/stm32l1xx_tim.o
                                0xbf8 (size before relaxing)
 .debug_str     0x00007f93      0x3a8 THUMB Debug/stm32l1xx_usart.o
                                0x638 (size before relaxing)
 .debug_str     0x0000833b       0xf3 THUMB Debug/stm32l1xx_wwdg.o
                                0x22b (size before relaxing)
 .debug_str     0x0000842e      0x576 /usr/share/crossworks_for_arm_2.3/lib/libc_v7m_t_le_eabi.a(libc2.o)
                                0x652 (size before relaxing)
 .debug_str     0x000089a4       0x61 /usr/share/crossworks_for_arm_2.3/lib/libc_v7m_t_le_eabi.a(__vfprintf_int.o)
                                 0xaa (size before relaxing)
 .debug_str     0x00008a05       0x79 /usr/share/crossworks_for_arm_2.3/lib/libc_v7m_t_le_eabi.a(__vfscanf_int.o)
                                 0xc2 (size before relaxing)
 .debug_str     0x00008a7e      0x3b0 /usr/share/crossworks_for_arm_2.3/lib/libdebugio_v7m_t_le_eabi.a(libdebugio.o)
                                0x3f9 (size before relaxing)
 .debug_str     0x00008e2e       0xcf /usr/share/crossworks_for_arm_2.3/lib/libc_user_libc_v7m_t_le_eabi.a(user_libc.o)
                                0x118 (size before relaxing)

.comment        0x00000000       0x4e
 .comment       0x00000000       0x4e THUMB Debug/main.o
                                 0x4f (size before relaxing)
 .comment       0x00000000       0x4f THUMB Debug/system_stm32l1xx.o
 .comment       0x00000000       0x4f THUMB Debug/stm32l1xx_it.o
 .comment       0x00000000       0x4f THUMB Debug/stm32l152d_eval_spi_ee.o
 .comment       0x00000000       0x4f THUMB Debug/stm32l152d_eval.o
 .comment       0x00000000       0x4f THUMB Debug/stm32l152d_eval_audio_codec.o
 .comment       0x00000000       0x4f THUMB Debug/stm32l152d_eval_fsmc_nor.o
 .comment       0x00000000       0x4f THUMB Debug/stm32l152d_eval_fsmc_sram.o
 .comment       0x00000000       0x4f THUMB Debug/stm32l152d_eval_glass_lcd.o
 .comment       0x00000000       0x4f THUMB Debug/stm32l152d_eval_i2c_tsensor.o
 .comment       0x00000000       0x4f THUMB Debug/stm32l152d_eval_lcd.o
 .comment       0x00000000       0x4f THUMB Debug/stm32l152d_eval_sdio_sd.o
 .comment       0x00000000       0x4f THUMB Debug/misc.o
 .comment       0x00000000       0x4f THUMB Debug/stm32l1xx_adc.o
 .comment       0x00000000       0x4f THUMB Debug/stm32l1xx_aes.o
 .comment       0x00000000       0x4f THUMB Debug/stm32l1xx_aes_util.o
 .comment       0x00000000       0x4f THUMB Debug/stm32l1xx_comp.o
 .comment       0x00000000       0x4f THUMB Debug/stm32l1xx_crc.o
 .comment       0x00000000       0x4f THUMB Debug/stm32l1xx_dac.o
 .comment       0x00000000       0x4f THUMB Debug/stm32l1xx_dbgmcu.o
 .comment       0x00000000       0x4f THUMB Debug/stm32l1xx_dma.o
 .comment       0x00000000       0x4f THUMB Debug/stm32l1xx_exti.o
 .comment       0x00000000       0x4f THUMB Debug/stm32l1xx_flash.o
 .comment       0x00000000       0x4f THUMB Debug/stm32l1xx_flash_ramfunc.o
 .comment       0x00000000       0x4f THUMB Debug/stm32l1xx_fsmc.o
 .comment       0x00000000       0x4f THUMB Debug/stm32l1xx_gpio.o
 .comment       0x00000000       0x4f THUMB Debug/stm32l1xx_i2c.o
 .comment       0x00000000       0x4f THUMB Debug/stm32l1xx_iwdg.o
 .comment       0x00000000       0x4f THUMB Debug/stm32l1xx_lcd.o
 .comment       0x00000000       0x4f THUMB Debug/stm32l1xx_opamp.o
 .comment       0x00000000       0x4f THUMB Debug/stm32l1xx_pwr.o
 .comment       0x00000000       0x4f THUMB Debug/stm32l1xx_rcc.o
 .comment       0x00000000       0x4f THUMB Debug/stm32l1xx_rtc.o
 .comment       0x00000000       0x4f THUMB Debug/stm32l1xx_sdio.o
 .comment       0x00000000       0x4f THUMB Debug/stm32l1xx_spi.o
 .comment       0x00000000       0x4f THUMB Debug/stm32l1xx_syscfg.o
 .comment       0x00000000       0x4f THUMB Debug/stm32l1xx_tim.o
 .comment       0x00000000       0x4f THUMB Debug/stm32l1xx_usart.o
 .comment       0x00000000       0x4f THUMB Debug/stm32l1xx_wwdg.o
 .comment       0x00000000       0x4f /usr/share/crossworks_for_arm_2.3/lib/libc_v7m_t_le_eabi.a(libc2.o)
 .comment       0x00000000       0x4f /usr/share/crossworks_for_arm_2.3/lib/libc_v7m_t_le_eabi.a(__vfprintf_int.o)
 .comment       0x00000000       0x4f /usr/share/crossworks_for_arm_2.3/lib/libc_v7m_t_le_eabi.a(__vfscanf_int.o)
 .comment       0x00000000       0x4f /usr/share/crossworks_for_arm_2.3/lib/libdebugio_v7m_t_le_eabi.a(libdebugio.o)
 .comment       0x00000000       0x4f /usr/share/crossworks_for_arm_2.3/lib/libc_user_libc_v7m_t_le_eabi.a(user_libc.o)

.ARM.attributes
                0x00000000       0x33
 .ARM.attributes
                0x00000000       0x33 THUMB Debug/main.o
 .ARM.attributes
                0x00000033       0x33 THUMB Debug/system_stm32l1xx.o
 .ARM.attributes
                0x00000066       0x33 THUMB Debug/stm32l1xx_it.o
 .ARM.attributes
                0x00000099       0x33 THUMB Debug/stm32l152d_eval_spi_ee.o
 .ARM.attributes
                0x000000cc       0x33 THUMB Debug/stm32l152d_eval.o
 .ARM.attributes
                0x000000ff       0x33 THUMB Debug/stm32l152d_eval_audio_codec.o
 .ARM.attributes
                0x00000132       0x33 THUMB Debug/stm32l152d_eval_fsmc_nor.o
 .ARM.attributes
                0x00000165       0x33 THUMB Debug/stm32l152d_eval_fsmc_sram.o
 .ARM.attributes
                0x00000198       0x33 THUMB Debug/stm32l152d_eval_glass_lcd.o
 .ARM.attributes
                0x000001cb       0x33 THUMB Debug/stm32l152d_eval_i2c_tsensor.o
 .ARM.attributes
                0x000001fe       0x33 THUMB Debug/stm32l152d_eval_lcd.o
 .ARM.attributes
                0x00000231       0x33 THUMB Debug/stm32l152d_eval_sdio_sd.o
 .ARM.attributes
                0x00000264       0x33 THUMB Debug/misc.o
 .ARM.attributes
                0x00000297       0x33 THUMB Debug/stm32l1xx_adc.o
 .ARM.attributes
                0x000002ca       0x33 THUMB Debug/stm32l1xx_aes.o
 .ARM.attributes
                0x000002fd       0x33 THUMB Debug/stm32l1xx_aes_util.o
 .ARM.attributes
                0x00000330       0x33 THUMB Debug/stm32l1xx_comp.o
 .ARM.attributes
                0x00000363       0x33 THUMB Debug/stm32l1xx_crc.o
 .ARM.attributes
                0x00000396       0x33 THUMB Debug/stm32l1xx_dac.o
 .ARM.attributes
                0x000003c9       0x33 THUMB Debug/stm32l1xx_dbgmcu.o
 .ARM.attributes
                0x000003fc       0x33 THUMB Debug/stm32l1xx_dma.o
 .ARM.attributes
                0x0000042f       0x33 THUMB Debug/stm32l1xx_exti.o
 .ARM.attributes
                0x00000462       0x33 THUMB Debug/stm32l1xx_flash.o
 .ARM.attributes
                0x00000495       0x33 THUMB Debug/stm32l1xx_flash_ramfunc.o
 .ARM.attributes
                0x000004c8       0x33 THUMB Debug/stm32l1xx_fsmc.o
 .ARM.attributes
                0x000004fb       0x33 THUMB Debug/stm32l1xx_gpio.o
 .ARM.attributes
                0x0000052e       0x33 THUMB Debug/stm32l1xx_i2c.o
 .ARM.attributes
                0x00000561       0x33 THUMB Debug/stm32l1xx_iwdg.o
 .ARM.attributes
                0x00000594       0x33 THUMB Debug/stm32l1xx_lcd.o
 .ARM.attributes
                0x000005c7       0x33 THUMB Debug/stm32l1xx_opamp.o
 .ARM.attributes
                0x000005fa       0x33 THUMB Debug/stm32l1xx_pwr.o
 .ARM.attributes
                0x0000062d       0x33 THUMB Debug/stm32l1xx_rcc.o
 .ARM.attributes
                0x00000660       0x33 THUMB Debug/stm32l1xx_rtc.o
 .ARM.attributes
                0x00000693       0x33 THUMB Debug/stm32l1xx_sdio.o
 .ARM.attributes
                0x000006c6       0x33 THUMB Debug/stm32l1xx_spi.o
 .ARM.attributes
                0x000006f9       0x33 THUMB Debug/stm32l1xx_syscfg.o
 .ARM.attributes
                0x0000072c       0x33 THUMB Debug/stm32l1xx_tim.o
 .ARM.attributes
                0x0000075f       0x33 THUMB Debug/stm32l1xx_usart.o
 .ARM.attributes
                0x00000792       0x33 THUMB Debug/stm32l1xx_wwdg.o
 .ARM.attributes
                0x000007c5       0x23 THUMB Debug/thumb_crt0.o
 .ARM.attributes
                0x000007e8       0x23 THUMB Debug/STM32_Startup.o
 .ARM.attributes
                0x0000080b       0x1d /usr/share/crossworks_for_arm_2.3/lib/libm_v7m_t_le_eabi.a(libm_asm.o)
 .ARM.attributes
                0x00000828       0x2d /usr/share/crossworks_for_arm_2.3/lib/libc_v7m_t_le_eabi.a(libc2.o)
 .ARM.attributes
                0x00000855       0x1d /usr/share/crossworks_for_arm_2.3/lib/libc_v7m_t_le_eabi.a(libc2_asm.o)
 .ARM.attributes
                0x00000872       0x2d /usr/share/crossworks_for_arm_2.3/lib/libc_v7m_t_le_eabi.a(__vfprintf_int.o)
 .ARM.attributes
                0x0000089f       0x2d /usr/share/crossworks_for_arm_2.3/lib/libc_v7m_t_le_eabi.a(__vfscanf_int.o)
 .ARM.attributes
                0x000008cc       0x1d /usr/share/crossworks_for_arm_2.3/lib/libc_v7m_t_le_eabi.a(libc_asm.o)
 .ARM.attributes
                0x000008e9       0x2d /usr/share/crossworks_for_arm_2.3/lib/libdebugio_v7m_t_le_eabi.a(libdebugio.o)
 .ARM.attributes
                0x00000916       0x2d /usr/share/crossworks_for_arm_2.3/lib/libc_user_libc_v7m_t_le_eabi.a(user_libc.o)
